# ejecutado: 2026-08-23T11:43:02-03:00
# host: ubuntu-4gb-nbg1-2
# instancia: maria-paez
# script:
#   #!/bin/bash
#   cd /root/secretaria
#   echo "── canary del deploy anterior ──"; cat state/.canary-bad-commit 2>/dev/null && echo "⚠️ MALO" || echo "limpio ✓"
#   echo ""
#   echo "════ ADOPCIÓN REAL POR USUARIO ════"
#   timeout 40 python3 - <<'PY'
#   import sqlite3,os
#   from datetime import datetime
#   db=sqlite3.connect(os.environ['MARIA_DB']); db.row_factory=sqlite3.Row
#   print(f"  {'usuario':<20} {'alta':<11} {'último msg':<11} {'días':>5} {'total':>6} {'30d':>5}  canal")
#   filas=[]
#   for u in db.execute("SELECT id,nombre,creado,telegram_chat_id,email FROM usuarios WHERE activo=1 ORDER BY id"):
#       r=db.execute("""SELECT MAX(timestamp) ult, COUNT(*) n FROM eventos
#          WHERE usuario_id=? AND direccion='entrante' AND canal IN ('whatsapp','telegram','gmail')""",(u['id'],)).fetchone()
#       r30=db.execute("""SELECT COUNT(*) n FROM eventos WHERE usuario_id=? AND direccion='entrante'
#          AND canal IN ('whatsapp','telegram','gmail') AND timestamp >= datetime('now','-30 days')""",(u['id'],)).fetchone()
#       canales=[x[0] for x in db.execute("""SELECT DISTINCT canal FROM eventos WHERE usuario_id=? AND direccion='entrante'
#          AND canal IN ('whatsapp','telegram','gmail')""",(u['id'],))]
#       ult=r['ult']
#       dias='—'
#       if ult:
#           try: dias=str((datetime.utcnow()-datetime.strptime(ult[:19],'%Y-%m-%d %H:%M:%S')).days)
#           except Exception: pass
#       filas.append((u['nombre'], (u['creado'] or '')[:10], (ult or '—')[:10], dias, r['n'] or 0, r30['n'] or 0, ','.join(canales) or '—', 'TG' if u['telegram_chat_id'] else ''))
#   filas.sort(key=lambda f: -f[5])
#   for f in filas:
#       print(f"  {f[0]:<20} {f[1]:<11} {f[2]:<11} {f[3]:>5} {f[4]:>6} {f[5]:>5}  {f[6]:<18} {f[7]}")
#   act30=sum(1 for f in filas if f[5]>0)
#   print(f"\n  ACTIVOS en 30 días: {act30} de {len(filas)}")
#   print(f"  Vinculados a Telegram: {sum(1 for f in filas if f[7])} de {len(filas)}")
#   print("\n  ── salientes de Maria por usuario (30d): ¿le habla y no le contestan? ──")
#   for r in db.execute("""SELECT u.nombre, COUNT(*) n FROM eventos e JOIN usuarios u ON u.id=e.usuario_id
#      WHERE e.direccion='saliente' AND e.canal IN ('whatsapp','telegram','gmail')
#        AND e.timestamp >= datetime('now','-30 days') GROUP BY u.nombre ORDER BY n DESC"""):
#       print(f"   {r['nombre']:<22} {r['n']}")
#   db.close()
#   PY
#   echo LISTO

# ───── output ─────
── canary del deploy anterior ──
limpio ✓

════ ADOPCIÓN REAL POR USUARIO ════
<stdin>:16: DeprecationWarning: datetime.datetime.utcnow() is deprecated and scheduled for removal in a future version. Use timezone-aware objects to represent datetimes in UTC: datetime.datetime.now(datetime.UTC).
  usuario              alta        último msg   días  total   30d  canal
  Diego                2026-04-23  2026-08-23      0   1750   148  gmail,telegram,whatsapp TG
  Gabriela Echaniz     2026-06-21  2026-08-20      3    610    78  gmail,whatsapp     
  Hernan Fulco         2026-04-23  2026-08-15      7     42     3  gmail,whatsapp     
  Natali Funez         2026-05-07  2026-08-22      0     44     3  gmail,whatsapp     
  Doris Capurro        2026-05-11  2026-07-24     29     25     2  gmail,whatsapp     
  Enrique Sosa         2026-05-17  2026-08-03     20     25     1  whatsapp           
  Fernando Boero       2026-05-07  —               —      0     0  —                  
  Santiago Bignone     2026-05-10  2026-05-20     95     17     0  gmail,whatsapp     
  Nicolas Kosinski     2026-05-13  2026-05-19     95     53     0  whatsapp           
  Walter Vera          2026-05-13  —               —      0     0  —                  
  Cristian Ruiz        2026-05-13  2026-06-02     81     10     0  whatsapp           
  Sebastian Ameijeira  2026-05-15  2026-05-26     88      7     0  gmail,whatsapp     
  Santiago Capurro     2026-05-21  2026-05-31     83     16     0  gmail,whatsapp     
  Andres Neumann       2026-05-29  2026-06-01     82     10     0  gmail,whatsapp     
  Jaime Cibils         2026-06-26  —               —      0     0  —                  
  Alfonso Amat         2026-06-30  —               —      0     0  —                  

  ACTIVOS en 30 días: 6 de 16
  Vinculados a Telegram: 1 de 16

  ── salientes de Maria por usuario (30d): ¿le habla y no le contestan? ──
   Diego                  332
   Hernan Fulco           183
   Santiago Capurro       149
   Doris Capurro          128
   Gabriela Echaniz       117
   Natali Funez           54
   Enrique Sosa           39
   Walter Vera            38
   Sebastian Ameijeira    38
   Andres Neumann         38
   Nicolas Kosinski       37
   Jaime Cibils           37
   Cristian Ruiz          37
   Alfonso Amat           37
   Santiago Bignone       4
LISTO

# exit=0
