# ejecutado: 2026-09-03T12:22:01-03:00
# host: ubuntu-4gb-nbg1-2
# instancia: maria-paez
# script:
#   #!/bin/bash
#   cd /root/secretaria
#   echo "═══ ALTA REAL sofia-bruscoli ═══"
#   timeout 180 bash ops/provision/nueva-instancia.sh sofia-bruscoli "Sofia Bruscoli" sofia@luminaconsultora.com 2>&1 | grep -vE "^ [1-8]\.|^      |^    →|^═══ CHECKLIST|^═══════" | head -30
#   echo ""
#   echo "── secret real + link de config del bridge ──"
#   SEC=$(grep -E '^WA_HOOK_SECRET=' config/instances/sofia-bruscoli.conf | cut -d= -f2)
#   echo "  WA_HOOK_SECRET=<REDACTED>"
#   echo "  mariabridge://config?url=https%3A%2F%2Fintensa.io%2Fhooks%2Fwa-sofia-bruscoli&secret=$SEC"
#   echo "  URL manual: https://intensa.io/hooks/wa-sofia-bruscoli   secret: $SEC"
#   echo ""
#   echo "── URL de OAuth para sofia@luminaconsultora.com ──"
#   ( set -a; . config/instances/sofia-bruscoli.conf; [ -f config/secrets.conf ] && . config/secrets.conf; set +a
#     timeout 60 node auth-gmail.js url 2>&1 | tail -3 )
#   echo ""
#   echo "── nginx ──"; nginx -t 2>&1 | tail -1
#   echo "── puerto libre? ──"; (ss -ltnp 2>/dev/null | grep -q ":4502 " && echo "  4502 OCUPADO") || echo "  4502 libre (correcto, la instancia no arrancó aún)"
#   echo LISTO

# ───── output ─────
═══ ALTA REAL sofia-bruscoli ═══
═══ Alta de instancia: sofia-bruscoli (Sofia Bruscoli) ═══
  gmail:    sofia@luminaconsultora.com
  puerto:   4502
  max_usu:  10
  hook:     https://intensa.io/hooks/wa-sofia-bruscoli/<secret>
✔ config/instances/sofia-bruscoli.conf
✔ credentials.json copiado de state/maria-paez/credentials.json (misma app OAuth)
✔ nginx: /hooks/wa-sofia-bruscoli → :4502
✔ control DB: instancia registrada (signup_bot=0 — dedicada)
── pm2 NO recargado (correr tras el OAuth: pm2 reload ecosystem.config.js --update-env)

    ⚠️  WARM-UP: usar el número A MANO 2-3 días antes de conectar nada (lección Meta)
    cliente como USUARIO: desde el chat del owner → "sumá a <nombre> como usuario"

── secret real + link de config del bridge ──
  WA_HOOK_SECRET=<REDACTED>
  mariabridge://config?url=https%3A%2F%2Fintensa.io%2Fhooks%2Fwa-sofia-bruscoli&secret=efa77080f92269d9f39df62442667c81
  URL manual: https://intensa.io/hooks/wa-sofia-bruscoli   secret: efa77080f92269d9f39df62442667c81

── URL de OAuth para sofia@luminaconsultora.com ──
https://accounts.google.com/o/oauth2/v2/auth?access_type=offline&prompt=consent&scope=https%3A%2F%2Fwww.googleapis.com%2Fauth%2Fgmail.modify%20https%3A%2F%2Fwww.googleapis.com%2Fauth%2Fcalendar%20https%3A%2F%2Fwww.googleapis.com%2Fauth%2Fcontacts&response_type=code&client_id=905317715451-rf38oafefftou68kbtsu06cte1c1rkpi.apps.googleusercontent.com&redirect_uri=http%3A%2F%2Flocalhost

── nginx ──
nginx: configuration file /etc/nginx/nginx.conf test is successful
── puerto libre? ──
  4502 libre (correcto, la instancia no arrancó aún)
LISTO

# exit=0
