# ejecutado: 2026-08-22T13:41:02-03:00
# host: ubuntu-4gb-nbg1-2
# instancia: maria-paez
# script:
#   #!/bin/bash
#   cd /root/secretaria
#   SECRET=<REDACTED> -E '^ASISTENTE_INTERNAL_SECRET=' config/instances/maria-paez.conf | cut -d= -f2- | tr -d '"')
#   PORT=$(grep -E '^ASISTENTE_INTERNAL_PORT=' config/instances/maria-paez.conf | cut -d= -f2- | tr -d '"')
#   export AV_SECRET="$SECRET" AV_PORT="$PORT"
#   cat > /tmp/avn.mjs <<'NODE'
#   import Database from "/root/secretaria/node_modules/better-sqlite3/lib/index.js";
#   const db = new Database(process.env.MARIA_DB, { readonly: true });
#   const users = db.prepare(`SELECT id,nombre,email,telegram_chat_id FROM usuarios
#     WHERE activo=1 AND (servido IS NULL OR servido=1) AND email IS NOT NULL AND email LIKE '%@%' ORDER BY id`).all();
#   db.close();
#   console.log(`destinatarios: ${users.length}`);
#   let ok = 0, fail = 0;
#   for (const u of users) {
#     const primer = String(u.nombre).trim().split(/\s+/)[0];
#     const bloqueTG = u.telegram_chat_id
#       ? `Vos ya estás vinculado a Telegram, así que seguimos por ahí como siempre 👌`
#       : `Para seguir como siempre, vinculate a Telegram (toma un minuto):\n👉 https://t.me/MariaPaezAI_bot → tocá "compartir mi número"\n\nSi preferís el mail, escribime acá nomás que te respondo igual.`;
#     const texto = `Hola ${primer}!
#   
#   Te aviso dos cosas cortas:
#   
#   1) Cambié mi número de WhatsApp. El nuevo es +54 9 11 6644-6137 — agendalo así me reconocés cuando te escriba.
#   
#   2) Importante: ese número lo uso SOLO para las gestiones que me pedís (coordinar reuniones con terceros, reservas, avisos a otras personas). NO atiendo pedidos por WhatsApp: si me escribís por ahí te va a llegar una respuesta automática pidiéndote que uses otro canal. Es a propósito — WhatsApp me viene dando problemas y prefiero no depender de él para trabajar con vos.
#   
#   Mis canales para vos son Telegram y este mail.
#   
#   ${bloqueTG}
#   
#   Un abrazo,
#   Maria`;
#     const r = await fetch(`http://127.0.0.1:${process.env.AV_PORT}/accion`, {
#       method: "POST",
#       headers: { "x-intensa-secret": process.env.AV_SECRET, "Content-Type": "application/json" },
#       body: JSON.stringify({ usuarioId: u.id, accion: { tipo: "enviar_email", to: u.email, asunto: "Cambié mi número de WhatsApp (y cómo seguimos)", texto }, canalOrigen: "gmail" }),
#     }).then(x => x.json()).catch(e => ({ error: e.message }));
#     if (r && !r.error) { ok++; console.log(`✔ ${u.nombre} <${u.email}>${u.telegram_chat_id ? " [ya en TG]" : ""}`); }
#     else { fail++; console.log(`✗ ${u.nombre}: ${JSON.stringify(r).slice(0,110)}`); }
#     await new Promise(res => setTimeout(res, 12000));
#   }
#   console.log(`AVISO NÚMERO NUEVO: ${ok} enviados, ${fail} fallos`);
#   NODE
#   node /tmp/avn.mjs
#   rm -f /tmp/avn.mjs
#   echo LISTO

# ───── output ─────
destinatarios: 15
✔ Diego <diego@paez.is> [ya en TG]
✔ Hernan Fulco <hernan.fulco@sondeosglobal.com>
✔ Natali Funez <nfunez@iplan.com.ar>
✔ Santiago Bignone <santiagocbignone@gmail.com>
✔ Doris Capurro <doris@capurro.com.ar>
✔ Nicolas Kosinski <nkosinski@froneus.com>
✔ Walter Vera <wvera@froneus.com>
✔ Cristian Ruiz <cruiz@froneus.com>
✔ Sebastian Ameijeira <sameijeira@froneus.com>
✔ Enrique Sosa <enrique.sosa@globalnetmobile.com>
✔ Santiago Capurro <santiago@capurro.com.ar>
✔ Andres Neumann <andres@nomada.com>
✔ Gabriela Echaniz <gabyechaniz@gmail.com>
✔ Jaime Cibils <jcibils@csml.com.ar>
✔ Alfonso Amat <alfonso.amat@gmail.com>
AVISO NÚMERO NUEVO: 15 enviados, 0 fallos
LISTO

# exit=0
