# ejecutado: 2026-08-15T21:53:02-03:00
# host: ubuntu-4gb-nbg1-2
# instancia: maria-paez
# script:
#   #!/bin/bash
#   if pgrep -f mb-build-worker >/dev/null; then echo "build ya corriendo"; exit 0; fi
#   apt-get install -y unzip >/dev/null 2>&1
#   cat > /root/mb-build-worker.sh <<'WORKER'
#   #!/bin/bash
#   exec > /root/mariabridge-build.log 2>&1
#   set -x
#   echo "=== BUILD MariaBridge v2 $(date) ==="
#   export DEBIAN_FRONTEND=noninteractive
#   which unzip || apt-get install -y unzip
#   which java || apt-get install -y openjdk-17-jdk-headless
#   SDK=/root/android-sdk; SRC=/root/secretaria/ops/mariabridge
#   export ANDROID_SDK_ROOT="$SDK"
#   export JAVA_HOME=$(dirname $(dirname $(readlink -f $(which java))))
#   
#   echo "── cmdline-tools ──"
#   if [ ! -x "$SDK/cmdline-tools/latest/bin/sdkmanager" ]; then
#     rm -rf "$SDK/cmdline-tools"; mkdir -p "$SDK/cmdline-tools"
#     cd /tmp && curl -sL -o clt.zip "https://dl.google.com/android/repository/commandlinetools-linux-11076708_latest.zip"
#     echo "clt.zip: $(du -h clt.zip | cut -f1)"; unzip -q -o clt.zip -d "$SDK/cmdline-tools" && mv "$SDK/cmdline-tools/cmdline-tools" "$SDK/cmdline-tools/latest"
#   fi
#   export PATH="$SDK/cmdline-tools/latest/bin:$SDK/platform-tools:$PATH"
#   [ -x "$SDK/cmdline-tools/latest/bin/sdkmanager" ] && echo "sdkmanager OK" || { echo "SDKMANAGER_FAIL"; exit 1; }
#   
#   echo "── licencias + paquetes ──"
#   yes | sdkmanager --licenses >/dev/null 2>&1
#   sdkmanager "platform-tools" "platforms;android-34" "build-tools;34.0.0" 2>&1 | tail -3
#   
#   echo "── gradle ──"
#   if [ ! -x /opt/gradle-8.7/bin/gradle ]; then
#     cd /tmp && curl -sL -o gradle.zip "https://services.gradle.org/distributions/gradle-8.7-bin.zip"
#     echo "gradle.zip: $(du -h gradle.zip | cut -f1)"; unzip -q -o gradle.zip -d /opt
#   fi
#   export PATH="/opt/gradle-8.7/bin:$PATH"
#   [ -x /opt/gradle-8.7/bin/gradle ] && gradle -version | head -3 || { echo "GRADLE_FAIL"; exit 1; }
#   
#   echo "── build ──"
#   cd "$SRC"; echo "sdk.dir=$SDK" > local.properties
#   export GRADLE_OPTS="-Xmx1536m -Dorg.gradle.daemon=false"
#   gradle assembleDebug --no-daemon --stacktrace 2>&1 | tail -70
#   
#   APK=$(find "$SRC/app/build/outputs/apk/debug" -name '*.apk' 2>/dev/null | head -1)
#   if [ -n "$APK" ]; then
#     DEST=/var/www/intensa.io/_dl; mkdir -p "$DEST"; TK=$(openssl rand -hex 8)
#     cp "$APK" "$DEST/mb-$TK.apk"; chown -R www-data:www-data "$DEST" 2>/dev/null; chmod 644 "$DEST/mb-$TK.apk"
#     echo "APK_OK size=$(du -h "$APK" | cut -f1) url=https://intensa.io/_dl/mb-$TK.apk"
#   else echo "APK_FAIL"; fi
#   echo "=== FIN $(date) ==="
#   WORKER
#   chmod +x /root/mb-build-worker.sh
#   nohup bash /root/mb-build-worker.sh >/dev/null 2>&1 &
#   echo "build v2 lanzado (pid $!)"

# ───── output ─────
build v2 lanzado (pid 3397181)

# exit=0
