# ejecutado: 2026-09-09T09:39:02-03:00
# host: ubuntu-4gb-nbg1-2
# instancia: maria-paez
# script:
#   #!/bin/bash
#   cd /root/secretaria
#   ls -la /tmp/canary-tick.log; grep -nE "^not ok|# fail|canary" /tmp/canary-tick.log | head; grep -n "not ok" -A12 /tmp/canary-tick.log | head -40
#   git log --oneline -3 | cat; git status --short | head -5
#   ls -la ops/instances/maria-paez/snapshots/ | grep -i canary
#   echo LISTO

# ───── output ─────
-rw-r--r-- 1 root root 13860 Sep  9 09:32 /tmp/canary-tick.log
63:not ok 4 - upsert_contacto: variante de tilde / mismo tel bajo otro nombre → pregunta, no duplica
345:# fail 1
63:not ok 4 - upsert_contacto: variante de tilde / mismo tel bajo otro nombre → pregunta, no duplica
64-  ---
65-  duration_ms: 12.459752
66-  type: 'test'
67-  location: '/root/secretaria/test/executor-routing.test.js:60:1'
68-  failureType: 'testCodeFailure'
69-  error: 'true == false'
70-  code: 'ERR_ASSERTION'
71-  name: 'AssertionError'
72-  expected: false
73-  actual: true
74-  operator: '=='
75-  stack: |-
0df60690291 inbox: canary?
301ac4cb108 ops: snapshot 2026-09-09T09:38:01-03:00
a236980f894 ops: snapshot 2026-09-09T09:37:01-03:00
?? .backup-pass
?? .env-intensa-api
?? config/instances.bootstrap.json
?? config/instances/maria-paez.conf.bak-20260519-212301
?? config/instances/maria-paez.conf.bak-20260521-085302
LISTO

# exit=0
