# ejecutado: 2026-08-24T16:09:22-03:00
# host: ubuntu-4gb-nbg1-2
# instancia: maria-paez
# script:
#   #!/bin/bash
#   cd /root/secretaria
#   timeout 30 node -e "
#   const mem=require('/root/secretaria/memory');
#   // 1) el pendiente 286 pide decidir dia para Catalino — Diego ya dijo que no hace falta (Fico reservado)
#   const p=mem.db.prepare(\"UPDATE pendientes SET estado='cancelado' WHERE id=286 AND estado='abierto'\").run();
#   console.log('pendiente 286 cancelado:', p.changes===1);
#   // 2) hecho para que Maria SEPA que la cena esta resuelta y no vuelva a gestionar
#   mem.db.prepare(\"INSERT INTO hechos (usuario_id, clave, valor, creado) VALUES (1, 'cena_2sep_resuelta', 'La cena del miércoles 2/9 a las 21hs para 4 (Diego, Gabriel Pacheco, Carolina, Natali) está RESERVADA y CONFIRMADA en FICO (lo confirmaron el 22/8: \\\"sí tenemos lugar, ya la dejo anotada\\\"). Catalino quedó descartado: no abren los miércoles. NO gestionar más esta reserva con ningún restaurante.', datetime('now'))\").run();
#   console.log('hecho grabado');
#   mem.log({usuarioId:1,canal:'sistema',direccion:'interno',cuerpo:'Corrección operativa: cena 2/9 confirmada en Fico (22/8), Catalino descartado. Pendiente 286 cancelado; el follow-up 51 ya había cerrado.',metadata:{tipo:'correccion_operativa'}});
#   "
#   echo "── verificación ──"
#   timeout 20 node -e "
#   const mem=require('/root/secretaria/memory');
#   console.log(' 286:', mem.db.prepare('SELECT estado FROM pendientes WHERE id=286').get());
#   console.log(' hecho:', mem.db.prepare(\"SELECT clave, substr(valor,1,80) v FROM hechos WHERE clave='cena_2sep_resuelta'\").get());
#   console.log(' follow-ups abiertos:', mem.db.prepare(\"SELECT COUNT(*) n FROM follow_ups WHERE estado IN ('abierto','disparado')\").get());
#   "
#   echo LISTO

# ───── output ─────
pendiente 286 cancelado: true
hecho grabado
── verificación ──
 286: { estado: 'cancelado' }
 hecho: {
  clave: 'cena_2sep_resuelta',
  v: 'La cena del miércoles 2/9 a las 21hs para 4 (Diego, Gabriel Pacheco, Carolina, N'
}
 follow-ups abiertos: { n: 19 }
LISTO

# exit=0
