# ejecutado: 2026-08-28T16:56:01-03:00
# host: ubuntu-4gb-nbg1-2
# instancia: maria-paez
# script:
#   #!/bin/bash
#   cd /root/secretaria
#   timeout 30 node -e "
#   const mem=require('/root/secretaria/memory');
#   const uid=mem.db.prepare(\"SELECT id FROM usuarios WHERE nombre='Hernan Fulco'\").get().id;
#   const p=mem.db.prepare(\"UPDATE pendientes SET estado='cancelado' WHERE id=309 AND estado='abierto'\").run();
#   console.log('pendiente 309 cancelado:', p.changes===1);
#   mem.db.prepare(\"INSERT INTO hechos (usuario_id, clave, valor, creado) VALUES (?, 'entrevista_dimitrije_resuelta', 'La reunión para entrevistar a Dimitrije Krunic (Diego + Ruben Ward) la terminó armando Hernán DIRECTAMENTE por el grupo de WhatsApp el 28/8: quedó para el miércoles ~10hs y él mismo mandó la cita. NO gestionar más esta reunión ni escribirle a Ruben Ward por este tema.', datetime('now'))\").run(uid);
#   console.log('hecho grabado para Fulco');
#   mem.log({usuarioId:uid,canal:'sistema',direccion:'interno',cuerpo:'Gestión Dimitrije cerrada: Hernán la armó directo en el grupo de WA (post-mortem: repregunta abierta a Ward + follow-up desarmado + Diego nunca contactado). Reglas nuevas deployadas.',metadata:{tipo:'correccion_operativa'}});
#   "
#   echo "── verificación ──"
#   timeout 20 node -e "
#   const mem=require('/root/secretaria/memory');
#   console.log(' 309:', mem.db.prepare('SELECT estado FROM pendientes WHERE id=309').get());
#   console.log(' FUs abiertos de Fulco:', mem.db.prepare(\"SELECT COUNT(*) n FROM follow_ups WHERE usuario_id=(SELECT id FROM usuarios WHERE nombre='Hernan Fulco') AND estado IN ('abierto','disparado')\").get());
#   "
#   echo LISTO

# ───── output ─────
pendiente 309 cancelado: true
hecho grabado para Fulco
── verificación ──
 309: { estado: 'cancelado' }
 FUs abiertos de Fulco: { n: 0 }
LISTO

# exit=0
