# ejecutado: 2026-09-15T17:44:02-03:00
# host: ubuntu-4gb-nbg1-2
# instancia: maria-paez
# script:
#   #!/bin/bash
#   DB=/root/secretaria/state/maria-paez/db/maria.sqlite
#   sqlite3 "$DB" "select count(*) from contactos where usuario_id=1"
#   sqlite3 -separator ' | ' "$DB" "select c.nombre, coalesce(c.whatsapp,''), coalesce(c.email,''), c.visibilidad, date(c.creado), substr(coalesce(c.notas,''),1,60) from contactos c where c.usuario_id=1 order by lower(c.nombre)"
#   echo LISTO

# ───── output ─────
219
Adaeze |  | adaeze@chimeboard.com | privada | 2026-07-24 | asistente de "Chimeboard/ Trampoline Intro Call" (agregado a
Adrianecker |  | adrianecker@gmail.com | privada | 2026-08-25 | asistente de "Draper Cygnus III LP - Q2 Report " (agregado a
Adrián Duek | 5491144396371@c.us | adrianduek@hotmail.com | privada | 2026-05-10 | 
Agustina Acevedo | 56715194151079@lid | aagustinaacevedo@hotmail.es | privada | 2026-04-20 | auto-agregado al recibir primer mensaje
Alejandro Becerra | 5493364340748@c.us | navieradelparana@gmail.com | privada | 2026-06-09 | 
Alevazquezbsas |  | alevazquezbsas@gmail.com | privada | 2026-08-25 | asistente de "Draper Cygnus III LP - Q2 Report " (agregado a
Alfonso Amat | 5491161549534@c.us | alfonso.amat@gmail.com | privada | 2026-05-10 | 
Amaro |  | amaro@monaco.gg | privada | 2026-08-24 | asistente de "[Monaco] Fundraising" (agregado automáticament
Ana Carina | 180444528156752@lid |  | privada | 2026-04-20 | auto-agregado al recibir primer mensaje
Ana Gianini | 5491168579234@c.us | anagianini@hotmail.com | privada | 2026-05-10 | 
Ana Vainman | 5491140759467@c.us | ana@vainman.com.ar | privada | 2026-05-10 | 
Anabel Fúnez | 5491140269140@c.us | anabelfnz@gmail.com | privada | 2026-07-12 | 
Anafe Restaurante | 5491162244129@c.us |  | privada | 2026-06-10 | 
Analia Frangi | 5491161673400@c.us |  | privada | 2026-05-18 | 
Andrea Kozameh | 5491168626963@c.us | andreak@opticomsa.com.ar | privada | 2026-05-10 | 
Andres Neumann | 5491164719969@c.us | andres@nomada.com | privada | 2026-05-10 | 
Antonio Peña | 5491155645553@c.us | toni@gomovil.co | privada | 2026-05-10 | 
Ariana Fleitas | 5491150502080@c.us | arianafleitas@yahoo.com.ar | privada | 2026-05-10 | 
Ariel Quiroga |  |  | privada | 2026-05-16 | Asesor comercial de Volkswagen Espasa. Gestión: Taos Highlin
Barbara Grane | 5491169222312@c.us |  | privada | 2026-05-10 | 
Barra Chalaca Arevalo | 5491132350755@c.us |  | privada | 2026-05-16 | 
Barra Chalaca Belgrano | 5491166431877@c.us |  | privada | 2026-05-16 | 
Barra Chalaca Bulnes | 5491123348031@c.us |  | privada | 2026-05-16 | 
Barra Chalaca Caseros | 5491169594900@c.us |  | privada | 2026-07-01 | Número confirmado: atendieron y tomaron un pedido el 01/07/2
Brian Hussey |  | brian.hussey@jpmorgan.com | privada | 2026-07-21 | asistente de "Reunion JPM - Diego P. y Mateo C." (agregado a
Brigida Pacheco | 5492972431525@c.us | brigidapacheco@hotmail.com | privada | 2026-05-10 | 
Brunatti Carolina | 5491141885339@c.us | carolina.brunatti@telefonica.com | privada | 2026-05-10 | 
Bruno |  | bruno@monaco.gg | privada | 2026-07-23 | asistente de "Objeto Contrato sociedad" (agregado automática
Bruno Compa | 5493364687956@c.us | brunocompa@southernsilica.com | privada | 2026-06-09 | 
Brunovenga |  | brunovenga@gmail.com | privada | 2026-07-23 | asistente de "Objeto Contrato sociedad" (agregado automática
Bryan Tafel | 5491130471497@c.us | Btafel@gmail.com | privada | 2026-05-10 | tel adicional: +1 (929) 444‑6775
C |  | c@thequantumalliance.com | privada | 2026-07-30 | asistente de "Set-up Infra Correo Argentino" (agregado autom
Carina Pubill | 5492616564399@c.us | carinapubill21@gmail.com | privada | 2026-04-20 | 
Carlos |  | carlos@monaco.gg | privada | 2026-08-24 | asistente de "[Monaco] Fundraising" (agregado automáticament
Carlos Canosa | 5491148618188@c.us | carlosalbertocanosa@yahoo.com | privada | 2026-05-10 | Tel: +541148618188 | Cumpleaños: 1944-03-15
Carlos Krigun |  | ckrigun@millscapitalgroup.com | privada | 2026-05-10 | 
Carlos Maidana | 54913109069206@c.us | carlosmaidana01@gmail.com | privada | 2026-05-10 | 
Carlos Rivera | 5491141446735@c.us | crivera@millscapitalgroup.com | privada | 2026-05-10 | 
Carmen Paez | 5491121748405@c.us | carpaespa@gmail.com | privada | 2026-05-10 | 
Carolina Modai | 5491146320075@c.us | carolinamodai@hotmail.com | privada | 2026-05-10 | 
Caseros Restaurante | 5491136621659@c.us |  | privada | 2026-04-19 | 
Catalino restaurante | 5491163846461@c.us |  | privada | 2026-08-22 | Enrique Martínez 732, CABA
Celeste Maneiro | 5491130394534@c.us | celestemaneiro@hotmail.com | privada | 2026-05-10 | 
Corellana |  | corellana@movilgate.com | privada | 2026-08-20 | asistente de "The Quantum Alliance (TQA) y Telecentro" (agre
Cristian Huichaqueo | 5491135800037@c.us | cristian.huichaqueo@mviajes.com.ar | privada | 2026-05-10 | 
Cristian Ruiz | 5491126406612@c.us | cruiz@froneus.com | privada | 2026-05-13 | 
Damian Lanatta | 5491142991023@c.us | damian.lanatta@gmail.com | privada | 2026-05-10 | tel adicional: +5491146324750
Daniel Abrantes | 5491144600603@c.us |  | privada | 2026-05-17 | 
Daniel Castro | 5491136944357@c.us |  | privada | 2026-09-15 | 
Daniel Salvucci | 5491157694408@c.us | dsalvucci@cygnusvc.com | privada | 2026-05-08 | Contacto de Cygnus VC
Daniela Alvarino | 5491131770810@c.us |  | privada | 2026-05-10 | 
Daniela Ciavone | 5491135699615@c.us | dc@sensmedical.com | privada | 2026-05-10 | 
Dario Fainguersch | 5491151571000@c.us | dfainguersch@dragonesvc.com | privada | 2026-05-10 | Email personal: dario.Fainguersch@gmail.com | Cumple: 26/04
David Winograd | 5491164512905@c.us | dwinograd@froneus.com | privada | 2026-05-10 | 
Dechecchi - Subaru | 5491157200850@c.us |  | privada | 2026-06-30 | 
Delta Airlines Argentina |  |  | privada | 2026-04-20 | Teléfono gratuito: 0800-666-0133 | Línea directa: +54 11 399
Diego Paez | 541132317896@c.us | diego@paez.is | privada | 2026-04-19 | El propio Diego
Diego Perez | 5491154968178@c.us | diegohpp@hotmail.com | privada | 2026-05-10 | 
Diego Ramirez Schrempp |  | d@thequantumalliance.com | privada | 2026-05-06 | CSO & Co-Founder de The Quantum Alliance. Mobile: +57 314 44
Diego Teubal | 5491144491280@c.us |  | privada | 2026-05-19 | Número confirmado por Diego el 19/05/2026: +54 9 11 4449-128
Dolores Spangenberg | 5491123214306@c.us | doloresspangen@gmail.com | privada | 2026-05-10 | 
Doris Capurro | 105171031949561@lid | doris@capurro.com.ar | privada | 2026-04-20 | auto-agregado al recibir primer mensaje
Eduaedo Canicoba | 54917023214030@c.us | ecanicoba@gmail.com | privada | 2026-05-10 | 
El Pimiento Verde Lagasca Madrid |  | lagasca43@elpimientoverde.com | privada | 2026-09-12 | Restaurante en Madrid, sede Lagasca 43.
Enrique Sosa | 59899643028@c.us | enrique.sosa@globalnetmobile.com | privada | 2026-05-10 | 
Espasa Concesionaria | 5491123149614@c.us |  | privada | 2026-05-16 | Concesionaria Volkswagen Espasa. Consultado por Taos Highlin
Esteban Mallea Gil |  |  | privada | 2026-05-20 | Asesor de ventas Volvo (DITECAR). Contactó a Maria en respue
Evelia Restaurante | 5491153160615@c.us |  | privada | 2026-06-14 | 
Ezequiel Honda Briones | 5491167859758@c.us |  | privada | 2026-05-18 | Asesor de Honda Briones. Número personal. Gestión: tasación 
Fabiana Teubal | 5491144171387@c.us | arqsam@gmail.com | privada | 2026-05-10 | 
Fabio Boschetto | 5493492580906@c.us | fabio.boschetto@vrainz.com | privada | 2026-05-10 | cumple: --08-01
Facundo Martin Diaz | 14242831584@c.us | f@q99.ai | privada | 2026-05-20 | Contacto de TQA / q99.ai. Email adicional: f@q99.ai
Farinelli Arroyo | 5491156920073@c.us |  | privada | 2026-04-19 | auto-agregado al recibir primer mensaje
Fausto Ansalone |  |  | privada | 2026-05-10 | 
Fboero |  | fboero@luminaconsultora.com | privada | 2026-08-26 | asistente de "Revisión Científica Express" (agregado automát
Federico Goldenberg | 5491158763174@c.us | federico.goldenberg@sondeos.com.ar | privada | 2026-05-10 | 
Fernanda Lascaray | 5491150147276@c.us | Fl@sensmedical.com | privada | 2026-05-10 | 
Fernando Boero | 5491166903856@c.us | fboero@luminaconsultora.com.ar | privada | 2026-05-07 | 
Fherrera |  | fherrera@telecentro.net.ar | privada | 2026-08-20 | asistente de "The Quantum Alliance (TQA) y Telecentro" (agre
Fico restaurante | 5491134897992@c.us |  | privada | 2026-05-08 | 
Flavio Cairo | 5491140851873@c.us |  | privada | 2026-05-18 | 
Florencia Funez | 5491137034046@c.us | florsuper@hotmail.com | privada | 2026-05-10 | 
Franco Contatece |  |  | privada | 2026-04-29 | Contacto de Claro, está siguiendo el presupuesto de datacent
Franco Israel |  |  | privada | 2026-05-10 | 
Franco Ruggerio |  |  | privada | 2026-05-10 | 
Gabriel Isola | 5491143321212@c.us | Isola.gabriel@gmail.com | privada | 2026-05-10 | 
Gabriel Pacheco | 5491140402319@c.us | gap2612@gmail.com | privada | 2026-05-10 | cumple 1969-12-26, tel adicional 1151610211
Gabriela Echaniz | 5491165286555@c.us | gabyechaniz@gmail.com | privada | 2026-05-12 | Email personal: gabyechaniz@gmail.com | Email laboral: g.ech
Gastón Girotti | 5491156408326@c.us | gaston.girotti@gmail.com | privada | 2026-05-10 | 
Gastón Ruggerio | 5492972422720@c.us | gastonruggerio@hotmail.com | privada | 2026-05-10 | 
Georgina Milei | 5491156449434@c.us | georgina.milei@gmail.com | privada | 2026-05-10 | 
Guillermo Bagnato | 5491149353680@c.us | G@thequantumalliance.com | privada | 2026-05-20 | Contacto de The Quantum Alliance. Solicitado como asistente 
Gustavo Dzugala | 5491151457007@c.us | dzugala@hotmail.com | privada | 2026-05-06 | 
Gustavo Raul Aragon |  | gustavoraularagon@gmail.com | privada | 2026-04-26 | Reunión agendada martes 5/5 a las 17:00 hs.
Gustavo Rossi | 5491164935767@c.us | gustavorossi@gmail.com | privada | 2026-06-11 | 
Gustavo Sorotski | 5491145895065@c.us | gustavo.sorotski@disney.com | privada | 2026-05-10 | 
Hernan Bourdieu |  | hernan.bourdieu@claro.com.ar | privada | 2026-07-22 | asistente de "- Sondeos - Consulta - Housing / Jaula" (agreg
Hernan Fulco | 5491126829596@c.us | hernan.fulco@sondeosglobal.com | privada | 2026-04-23 | 
Hernan Mantovani | 5491132878054@c.us | hernan_mantovani@hotmail.com | privada | 2026-05-10 | 
Hochonga |  | hochonga@casinovictoria.com.ar | privada | 2026-09-02 | asistente de "CIGI y Europa" (agregado automáticamente por m
Honda Concesionaria | 5491121773859@c.us |  | privada | 2026-05-16 | Consulta: Honda HRV EXL para Diego. Posible parte de pago Su
Ignacio Garcia | 447957877939@c.us | ignacio@trampolinevp.com | privada | 2026-05-26 | 
Isabel Imperiale | 5491134602030@c.us | isabelimperiale@gmail.com | privada | 2026-04-24 | Mamá de Diego
Ivan Erlich | 5491149804416@c.us |  | privada | 2026-05-10 | 
Iñaki Restaurante | 5491134838324@c.us |  | privada | 2026-05-06 | 
Jaime Cibils | 5491161991122@c.us | Jcibils@csml.com.ar | privada | 2026-06-26 | Le dicen James y prefiere que lo llamen así.
Javier Corraro | 54934628025170@c.us | Javier.Corraro@telefonica.com | privada | 2026-05-10 | 
Javier Guevara | 5491165572001@c.us | javier.guevara@vrainz.com | privada | 2026-05-10 | 
Jhuamacto |  | jhuamacto@froneus.com | privada | 2026-09-07 | asistente de "Update Semanal" (agregado automáticamente por 
Jmarquez |  | jmarquez@delmocona.com | privada | 2026-09-02 | asistente de "CIGI y Europa" (agregado automáticamente por m
Jorge Ravlich | 5491138113050@c.us | jorge.e.ravlich@ypf.com | privada | 2026-05-10 | tel adicional: +5491157282137
Jose Abreu | 5491156616473@c.us |  | privada | 2026-05-17 | 
Jose Milei | 5491145083836@c.us | drjosemilei@cardiopsis.com.ar | privada | 2026-05-10 | Dr. | Tel: +541145083836 / +541145083880 | Cumpleaños: 1945-
Jose Valdes | 34669015190@c.us | jtvf1991@gmail.com | privada | 2026-06-04 | 
Juan de la Cruz | 5491150602323@c.us | juan.ramirezsilva@fravega.com.ar | privada | 2026-05-10 | 
Juan Ignacio Paez Maña | 5491163850580@c.us | ignacio@paez.net | privada | 2026-05-10 | Tel: +5491163850580 | Cumpleaños: 1948-12-02
Juliana Laurini | 5491151252288@c.us | juliana.laurini@gmail.com | privada | 2026-05-10 | 
Julieta Picasso | 5491141703872@c.us | lietita@yahoo.com.ar | privada | 2026-05-10 | 
Krunicdimitrije |  | krunicdimitrije@gmail.com | privada | 2026-09-02 | asistente de "Meet Dimitrije / Diego / Ruben" (agregado auto
Kōnā Corner | 5491130514423@c.us |  | privada | 2026-06-16 | Restaurante japonés + karaoke privado. Castañeda 1899, Belgr
La Cabrera Palermo | 5491168204013@c.us |  | privada | 2026-05-15 | Parrilla. José A. Cabrera 5099/5127, Palermo. Tel: 4832-5754
La Caja Seguros |  |  | privada | 2026-09-01 | Atención al cliente: 0810-555-2252 (lun a vie 8 a 20hs). Des
La Parolaccia Palermo | 5491153027613@c.us |  | privada | 2026-04-19 | 
Laura Noboa | 5491143420892@c.us |  | privada | 2026-05-10 | Tel: +541143420892 | Cumpleaños: 1949-07-11
Lavadero Shine | 5491139499903@c.us |  | privada | 2026-09-09 | Lavadero en Cerrito 1281, CABA.
Leandro Groisman | 5491140495070@c.us |  | privada | 2026-06-01 | 
Leo Ferran | 5491145412933@c.us | leo.ferran@babelq.com | privada | 2026-05-10 | 
Lobito de Mar Madrid | 34910889440@c.us |  | privada | 2026-09-12 | Restaurante en Madrid, Barrio Salamanca (C. de Jorge Juan, 1
Local motos Niza | 33686760817@c.us |  | privada | 2026-06-04 | Local de alquiler de motos/scooters en Niza, Francia.
Local motos Niza 2 | 33688061362@c.us |  | privada | 2026-06-04 | Segundo local de alquiler de motos/scooters en Niza, Francia
Lorena Gerattano | 5491145529239@c.us | lorenagerattano@Gmail.com | privada | 2026-05-10 | tel adicional: 1142575751
Lucas Capurro | 13059858123@c.us | Lucas@capurro.com.ar | privada | 2026-05-02 | tel adicional: +13059858123
Luciano Peroni | 5491159524645@c.us | lperoni@froneus.com | privada | 2026-08-25 | 
Magda Pons |  | reservas@univerxo.es | privada | 2026-05-13 | Departamento de Reservas — Street XO
Maira Yahia | 5491168712334@c.us | mairayahia@hotmail.com | privada | 2026-05-10 | 
Malena Ansalone | 5491146356905@c.us | malenaansalone@hotmail.com | privada | 2026-05-10 | tel adicional: 2972410777
Manu Der |  | manu.der@pluszero.app | privada | 2026-08-13 | asistente de "Almuerzo PlusZero <> Diego Paez" (agregado aut
Manuel Carrasco | 541155771290@c.us | manucarrasco80@gmail.com | privada | 2026-08-12 | 
Manuel Paez | 5491168295181@c.us | manuel@paez.is | privada | 2026-04-19 | Hijo de Diego
Marcela Carbajo | 5491168936637@c.us | mcarbajo@movilgate.com | privada | 2026-05-10 | 
Marcos | 59854798495914@lid |  | privada | 2026-04-20 | se identificó como Marcos al escribir por primera vez
Mariano Clarath |  | Mclarat@iplan.com.ar | privada | 2026-05-07 | Contacto de Natali Funez. Reunión pendiente de agendar.
Mariano Herrera | 5491168540602@c.us | mariano.a.herrera@gmail.com | privada | 2026-05-10 | 
Mariela Nigro |  | mariela.nigro@areait.com.ar | privada | 2026-07-16 | asistente de "Froneus Financiero" (agregado automáticamente 
Marino Bracamonte | 54934689333302@c.us | marino.bracamonte@telefonica.com | privada | 2026-05-10 | 
Mario Miccelli | 5491154072788@c.us | mario.miccelli@gmail.com | privada | 2026-05-10 | 
Martin Gagliano | 5491133124784@c.us | martin.gagliano@sondeos.com.ar | privada | 2026-06-19 | 
Martín Souza |  |  | privada | 2026-05-10 | 
Maru Botana Retiro |  |  | privada | 2026-06-22 | Suipacha 1371, CABA. Tel fijo: +54 11 4326-7134. Pastelería/
María José Laiseca |  | mlaiseca@iplan.com.ar | privada | 2026-05-07 | Contacto de Natali Funez en iplan.
Mateo Cuenca |  | mateo.cuenca@jpmorgan.com | privada | 2026-07-21 | asistente de "Reunion JPM - Diego P. y Mateo C." (agregado a
Matias Israel | 5491154824124@c.us | matias.israel@gmail.com | privada | 2026-05-10 | 
Matias Israel (moovingargentina.com.ar) |  | matias.israel@moovingargentina.com.ar | privada | 2026-07-17 | asistente de "Páez-Israel" (agregado automáticamente por mee
Matias Pacheco | 74775397445863@lid |  | privada | 2026-04-21 | auto-agregado al recibir primer mensaje
Maxigkunz Gonzalez Kunz | 54913057812143@c.us | maximiliano@gruponucleo.com.ar | privada | 2026-05-10 | 
Maximo Maderbuen | 5491176176620@c.us | maximoj@indesamdeltagroup.com | privada | 2026-06-09 | 
Mercedes Spangenberg | 5491168250885@c.us | pachespangenberg@hotmail.com | privada | 2026-05-10 | 
Mlg |  | mlg.34020@gmail.com | privada | 2026-07-24 | asistente de "Chimeboard/ Trampoline Intro Call" (agregado a
Mteubal |  | mteubal@dragonesvc.com | privada | 2026-07-08 | asistente de "Reu Lank - Dragones" (agregado automáticamente
Mónica Matto | 5491135628106@c.us | monica.matto@sondeos.com.ar | privada | 2026-05-10 | 
Narda Comedor | 541161310664@c.us |  | privada | 2026-04-19 | Restaurante en Sucre 664, Belgrano, Buenos Aires. Tel/WA: +5
nardacomedor | 224390734164124@lid |  | privada | 2026-04-19 | auto-agregado al recibir primer mensaje
Natali Funez | 5491150105262@c.us | nfunez@iplan.com.ar | privada | 2026-05-06 | Esposa de Diego
Nicolas Abruj | 5491149484812@c.us |  | privada | 2026-05-17 | 
Nicolas Erlich |  |  | privada | 2026-05-10 | 
Nicolas Jordan | 5491131121057@c.us | nico.jordan2024@gmail.com | privada | 2026-05-10 | cumple: 1978-06-24. Mail anterior (work): nicolas.jordan@enp
Nicolás Kosinski | 5491150080522@c.us | nkosinski@froneus.com | privada | 2026-05-26 | 
Nicolás Sgroi | 5491159367403@c.us | nsgroi@enpiric.com | privada | 2026-05-10 | 
Nika Club Omakase | 5491130215648@c.us |  | privada | 2026-04-19 | 
Noelia Bruscoli | 5491155947242@c.us | nbruscoli@froneus.com | privada | 2026-08-25 | 
Nyarema |  | nyarema@froneus.com | privada | 2026-08-18 | asistente de "Reunión Revisión PoCs" (agregado automáticamen
Oldyn Com |  | oldyn.com_3738323436303534@resource.calendar.google.com | privada | 2026-09-09 | asistente de "Reunión TECO vs ATX" (agregado automáticamente
OLI Café | 5491150997146@c.us |  | privada | 2026-06-27 | Costa Rica 6020, Palermo Hollywood. Tel: +54 11 5099-7146. H
Oliver Erlich | 5491147550315@c.us | olivererlich@yahoo.com.ar | privada | 2026-05-10 | tel adicional: +5491147550797
Pablo Bisceglia | 5491149823388@c.us | pablo.bisceglia@sondeos.com.ar | privada | 2026-05-10 | 
Pablo Capurro | 5491152570020@c.us | pablo@capurro.com.ar | privada | 2026-05-10 | 
Pablo Casal | 5491154025172@c.us | pablo.casal@areait.com.ar | privada | 2026-05-10 | Email personal: Pjcasal@gmail.com. Email corporativo (AreaIT
Pablo Luna | 5491154189426@c.us | pluna@partnerexpansion.com | privada | 2026-08-19 | asistente de "Reunion PL - DP" (agregado automáticamente por
Pablo Mariani | 54959899911905@c.us | pmariani@gmail.com | privada | 2026-05-10 | 
Pablo Petrillo | 5491124577217@c.us | pablo.petrillo@luftlatam.com | privada | 2026-04-23 | 
Pablo Santa Cruz |  |  | privada | 2026-05-10 | 
Pablo Vizzotti | 5491158091738@c.us | pvizzotti@gmail.com | privada | 2026-06-09 | 
Paloma Paez | 5491132339295@c.us | paloma.paez@gmail.com | privada | 2026-04-19 | Hija de Diego
Pedrogsv |  | pedrogsv100@gmail.com | privada | 2026-08-12 | asistente de "Visita almuerzo con Monaco" (agregado automáti
Pilar Rojas |  | pilar.rojas@vrainz.com | privada | 2026-08-26 | asistente de "Revisión Científica Express" (agregado automát
Pilar Spangenberg | 5491157319611@c.us | pspangenberg@gmail.com | privada | 2026-05-10 | 
Poch Burgers | 5491137646922@c.us |  | privada | 2026-04-19 | 
Rgarcia |  | rgarcia@froneus.com | privada | 2026-09-07 | asistente de "Update Semanal" (agregado automáticamente por 
Ricardo |  | ricardo@lank.app | privada | 2026-07-08 | asistente de "Reu Lank - Dragones" (agregado automáticamente
Rodrigo Paez |  |  | privada | 2026-05-08 | Hermano de Diego. Apodo: Dodi.
Rodrigo Paez Canosa | 5491157276026@c.us | rpc@sondeos.com.ar | privada | 2026-05-08 | Hermano de Diego. Apodo: Dodi.
Romi Rios | 207352548585582@lid |  | privada | 2026-04-20 | auto-agregado al recibir primer mensaje
Romina | 5491135589891@c.us | romina.rios@ebuono.com.ar | privada | 2026-04-20 | 
Roxana Stefani | 5491133124478@c.us | roxana.stefani@sondeos.com.ar | privada | 2026-05-10 | 
Rpc |  | rpc@sondeosglobal.com | privada | 2026-07-29 | asistente de "PRESENTACIÓN CIERRE JUNIO 26 GRUPO SONDEOS" (a
Rsaune |  | rsaune@froneus.com | privada | 2026-07-16 | asistente de "Froneus Financiero" (agregado automáticamente 
Ruben Ward |  | ruben.ward@sondeosglobal.com | privada | 2026-08-11 | asistente de "Almuerzo con los Santa Cruz" (agregado automát
Rubén Ward | 184052384567499@lid | ruben.ward@sondeos.com.ar | privada | 2026-04-22 | auto-agregado al recibir primer mensaje | tel alternativo: 5
Sagardi San Telmo | 5491126970402@c.us |  | privada | 2026-06-17 | Restaurante en Humberto Primo 319, San Telmo. Tel: +54 11 43
Santiago Bignone | 5491134274828@c.us | santiagocbignone@gmail.com | privada | 2026-05-06 | Usuario activo de María Paez
Santiago Capurro | 5491166010010@c.us | santiago@capurro.com.ar | privada | 2026-04-20 | 
Santiago Lopez Alfaro | 5491131790509@c.us | slopeza@delphosinv.com | privada | 2026-05-10 | 
Santiago Paez | 5491164393520@c.us | santiago@paez.is | privada | 2026-04-19 | Hijo de Diego
Santiago Rodriguez | 5491148557535@c.us | santijrodriguez@gmail.com | privada | 2026-05-10 | 
Scourreges |  | scourreges@bodlegal.com | privada | 2026-09-09 | asistente de "Reunión TECO vs ATX" (agregado automáticamente
Sebastian Ameijeira | 5491163004389@c.us | sameijeira@froneus.com | privada | 2026-05-15 | 
Sergio Moreno Castro |  |  | privada | 2026-05-18 | Asesor de ventas de Volkswagen Espasa. Gestión: Taos Highlin
Sg |  | sg@pluszero.app | privada | 2026-08-13 | asistente de "Almuerzo PlusZero <> Diego Paez" (agregado aut
Soledad Nakama | 5491162629511@c.us | soledadnakama@gmail.com | privada | 2026-05-10 | 
Subaru Concesionaria | 5491138756003@c.us |  | privada | 2026-05-16 | Consultado por Subaru Crosstrek 2.0 Limited Hybrid para Dieg
Tomas Vallejos | 5491126637089@c.us | tvallejos@curtis.com | privada | 2026-06-19 | 
Trocca | 5491124821381@c.us |  | privada | 2026-05-23 | 
Venecia Cezar |  |  | privada | 2026-05-10 | 
Veronica Ciccarelli | 5491162729795@c.us | veronica.ciccarelli@ericsson.com | privada | 2026-05-10 | 
Veronica Lascaray | 5491140051640@c.us | verolascaray@hotmail.com | privada | 2026-05-10 | 
Victoria Frene | 5491166780009@c.us |  | privada | 2026-05-10 | 
Volvo Concesionaria | 5491165305417@c.us |  | privada | 2026-05-16 | Concesionaria Volvo. Consulta: Volvo EX-30 Plus para Diego.
Walby Cibils | 5491159481767@c.us |  | privada | 2026-09-05 | 
Walter Vera | 5491138433288@c.us | wvera@froneus.com | privada | 2026-05-26 | 
LISTO

# exit=0
