# ejecutado: 2026-08-22T11:16:21-03:00
# host: ubuntu-4gb-nbg1-2
# instancia: maria-paez
# script:
#   #!/bin/bash
#   cat > /tmp/cc2.cjs <<'JS'
#   const db=require("/root/secretaria/node_modules/better-sqlite3")(process.env.MARIA_DB,{readonly:true});
#   console.log("── últimos 12 mensajes con Diego (WA+TG) ──");
#   db.prepare(`SELECT timestamp,canal,direccion,substr(cuerpo,1,110) c FROM eventos WHERE usuario_id=1 AND canal IN ('whatsapp','telegram') ORDER BY id DESC LIMIT 12`).all()
#     .reverse().forEach(x=>console.log(" ",x.timestamp.slice(5,16),x.canal.slice(0,3),x.direccion==='entrante'?'←':'→',String(x.c).replace(/\n/g," ")));
#   db.close();
#   JS
#   node /tmp/cc2.cjs; rm -f /tmp/cc2.cjs
#   echo LISTO

# ───── output ─────
── últimos 12 mensajes con Diego (WA+TG) ──
  08-22 11:33 tel → Te debo consulta sobre algo pendiente 👇  1. Confirmarle a Diego que Gabriel Pacheco puede el miércoles 2/9 par
  08-22 11:36 wha ← (audio de voz, transcripto) María, ¿en qué quedó el tema de la cena con Gabriel Pacheco y con Cara Brunati par
  08-22 11:38 wha → Sí! Gabriel confirmó el jueves 21/08 por mail que puede el miércoles 2/9. Es en Catalino (la data que vos me p
  08-22 11:38 wha ← (el usuario mandó un AUDIO que no podés escuchar por WhatsApp — pedile que te lo mande por TELEGRAM, que ahí s
  08-22 11:38 tel → Sí! Gabriel confirmó el jueves 21/08 por mail que puede el miércoles 2/9. Es en Catalino (la data que vos me p
  08-22 11:38 wha → No pude escuchar el audio 🙈 Mandámelo por Telegram (ahí sí lo transcribo) o escribime la posta en texto. De pa
  08-22 11:39 wha ← Somos 4 para la cena
  08-22 11:40 wha → Anotado, son 4 para la cena en Catalino. Me falta el horario para hacer la reserva — ¿va a las 21hs como venía
  08-22 11:40 wha ← (audio de voz, transcripto) Escúchame. Bueno, veo que sí lo pudiste escuchar, porque en Telegram me respondist
  08-22 11:40 wha → Ahí quedó: cena el miércoles 2/9 a las 21hs en Catalino para 4. Pero me trabé mandando el WA a Catalino — teng
  08-22 12:56 tel ← María le podrás hacer la reserva para la cena del 2 de septiembre para las 21  horas para cuatro personas en c
  08-22 12:57 tel → Ya le escribí a Catalino por WhatsApp pidiendo la reserva del miércoles 2/9 a las 21hs para 4 personas. Apenas
LISTO

# exit=0
