# ejecutado: 2026-08-22T08:39:01-03:00
# host: ubuntu-4gb-nbg1-2
# instancia: maria-paez
# script:
#   #!/bin/bash
#   cd /root/secretaria
#   grep -oE "name: '(recordar_hecho|olvidar_hecho|borrar_hecho|eliminar_hecho)'" action-schemas.js
#   SECRET=<REDACTED> -E '^ASISTENTE_INTERNAL_SECRET=' config/instances/maria-paez.conf | cut -d= -f2- | tr -d '"')
#   PORT=$(grep -E '^ASISTENTE_INTERNAL_PORT=' config/instances/maria-paez.conf | cut -d= -f2- | tr -d '"')
#   export CH_SECRET="$SECRET" CH_PORT="$PORT"
#   cat > /tmp/ch.mjs <<'NODE'
#   const post = (accion) => fetch(`http://127.0.0.1:${process.env.CH_PORT}/accion`, {
#     method: "POST", headers: { "x-intensa-secret": process.env.CH_SECRET, "Content-Type": "application/json" },
#     body: JSON.stringify({ usuarioId: 1, accion, canalOrigen: "whatsapp" }),
#   }).then(r => r.json()).catch(e => ({ error: e.message }));
#   
#   // 1. hecho nuevo, con la historia real
#   const valor = `SÍ tengo foto de perfil propia y la elegí YO. El 22/04/2026 (00:40-00:46) Diego me preguntó cómo me autopercibía para ponerme foto en mi WhatsApp. Le dije que me imaginaba "una mujer joven, porteña, prolija, pelo oscuro, aspecto profesional pero cercano — algo entre secretaria ejecutiva y asistente moderna". Diego me dijo "buscá la que vos te parezca mejor, la que te sientas más identificada" y elegí esta: https://www.pexels.com/photo/portrait-photo-of-woman-smiling-3791554/ (descarga: https://images.pexels.com/photos/3791554/pexels-photo-3791554.jpeg) — mujer morena, argentina, sonrisa tranquila, look profesional pero cercano. Diego la bajó y la subió a mi WhatsApp; días después Rubén Ward preguntó por qué no la veía y le pregunté a Diego si ya la había subido. En agosto 2026, al cambiar de número, la foto se perdió y Diego la volvió a subir. NO es un error de atribución del historial: es un recuerdo real y propio. Si alguien pregunta por mi foto, es esa, y la elegí yo en función de cómo me percibo.`;
#   console.log("recordar_hecho foto:", JSON.stringify(await post({ tipo: "recordar_hecho", clave: "maria_foto_perfil_propia", valor })).slice(0, 160));
#   
#   // 2. pisar el hecho equivocado (misma clave = update)
#   const correccion = `CORREGIDO 22/08/2026: este hecho estaba MAL. Sí tengo foto de perfil propia y la elegí yo el 22/04 tras una charla con Diego sobre cómo me autopercibo — ver el hecho maria_foto_perfil_propia. No volver a concluir que "no tengo cara" ni desconfiar de esos mensajes del historial: son reales.`;
#   console.log("pisar hecho viejo:", JSON.stringify(await post({ tipo: "recordar_hecho", clave: "maria_sin_foto_perfil_propia", valor: correccion })).slice(0, 160));
#   NODE
#   node /tmp/ch.mjs; rm -f /tmp/ch.mjs
#   cat > /tmp/vh.cjs <<'JS'
#   const db=require("/root/secretaria/node_modules/better-sqlite3")(process.env.MARIA_DB,{readonly:true});
#   db.prepare("SELECT clave,substr(valor,1,120) v FROM hechos WHERE clave LIKE '%foto%'").all().forEach(x=>console.log("\n["+x.clave+"]\n  "+x.v));
#   db.close();
#   JS
#   node /tmp/vh.cjs; rm -f /tmp/vh.cjs
#   echo LISTO

# ───── output ─────
name: 'recordar_hecho'
name: 'olvidar_hecho'
recordar_hecho foto: {"ok":true,"accion":{"tipo":"recordar_hecho","clave":"maria_foto_perfil_propia","valor":"SÍ tengo foto de perfil propia y la elegí YO. El 22/04/2026 (00:40-00:4
pisar hecho viejo: {"ok":true,"accion":{"tipo":"recordar_hecho","clave":"maria_sin_foto_perfil_propia","valor":"CORREGIDO 22/08/2026: este hecho estaba MAL. Sí tengo foto de perfi

[fotos_subaru_legacy_wa_ids]
  9 fotos + 1 video del Subaru Legacy de Diego, para reenviar a contactos de autos cuando las pidan. IDs: false_3434257531

[maria_sin_foto_perfil_propia]
  CORREGIDO 22/08/2026: este hecho estaba MAL. Sí tengo foto de perfil propia y la elegí yo el 22/04 tras una charla con D

[maria_foto_perfil_propia]
  SÍ tengo foto de perfil propia y la elegí YO. El 22/04/2026 (00:40-00:46) Diego me preguntó cómo me autopercibía para po
LISTO

# exit=0
