# ejecutado: 2026-08-05T09:21:01-03:00
# host: ubuntu-4gb-nbg1-2
# instancia: maria-paez
# script:
#   #!/bin/bash
#   set -e
#   CONF=/root/secretaria/config/secrets.conf
#   if grep -q WA_HOOK_DEADLINE_MS "$CONF"; then
#     sed -i 's/^WA_HOOK_DEADLINE_MS=.*/WA_HOOK_DEADLINE_MS=80000/' "$CONF"
#   else
#     echo "WA_HOOK_DEADLINE_MS=80000" >> "$CONF"
#   fi
#   cd /root/secretaria && pm2 reload ecosystem.config.js --only maria-paez --update-env >/dev/null 2>&1
#   sleep 6
#   pm2 jlist | python3 -c "import json,sys; [print(p['name'], p['pm2_env']['status']) for p in json.load(sys.stdin) if p['name']=='maria-paez']"
#   grep WA_HOOK_DEADLINE "$CONF"

# ───── output ─────
maria-paez online
WA_HOOK_DEADLINE_MS=80000

# exit=0
