# ejecutado: 2026-08-22T13:27:02-03:00
# host: ubuntu-4gb-nbg1-2
# instancia: maria-paez
# script:
#   #!/bin/bash
#   cat > /tmp/dr3.cjs <<'JS'
#   const c=require("/root/secretaria/mb-control.js");
#   console.log("nodos (ver si apareció el instalador):", c.encolar("nodos"));
#   JS
#   node /tmp/dr3.cjs; rm -f /tmp/dr3.cjs
#   echo "── logs upd ──"; grep -E "\[upd\]|\[ctl\]" ~/.pm2/logs/maria-paez-out.log | tail -6
#   echo LISTO

# ───── output ─────
[mb-control] #15 encolado: nodos 
nodos (ver si apareció el instalador): 15
── logs upd ──
2026-08-22 13:23:50: [MB v4.1] 13:23:16 I [ctl] comando #11: home {}
2026-08-22 13:23:50: [MB v4.1] 13:23:16 I [ctl] #11 → OK home
2026-08-22 13:23:50: [MB v4.1] 13:23:49 I [ctl] comando #12: tap {"x":446,"y":816}
2026-08-22 13:23:50: [MB v4.1] 13:23:49 I [ctl] #12 → OK tap 446,816 ✓
2026-08-22 13:24:00: [MB v4.1] 13:23:54 I [ctl] comando #13: nodos {}
2026-08-22 13:24:00: [MB v4.1] 13:23:54 I [ctl] #13 → OK [|https://intensa.io|360,302] [|cfS1IoCOSxNtVUwIzo|360,381] [|Guardar y arrancar|360,463] [|① Permiso: acceso |360,547] [|② Quitar restricci|360,631] [|③ Permiso: accesib|360,715] [|④ Permiso: todos l|360,799] [|Buscar actualizaci|360,883] 
LISTO

# exit=0
