# ejecutado: 2026-08-20T23:28:02-03:00
# host: ubuntu-4gb-nbg1-2
# instancia: maria-paez
# script:
#   #!/bin/bash
#   echo "fecha VPS: $(date '+%Y-%m-%d %H:%M %Z')"
#   cat > /tmp/dr.cjs <<'JS'
#   const db=require("/root/secretaria/node_modules/better-sqlite3")(process.env.MARIA_DB,{readonly:true});
#   const q=(s,...a)=>db.prepare(s).all(...a);
#   console.log("═══ últimas 24h por canal ═══");
#   q(`SELECT canal,direccion,COUNT(*) n FROM eventos WHERE timestamp>=datetime('now','-24 hours') AND canal IN ('whatsapp','telegram','gmail') GROUP BY canal,direccion`)
#    .forEach(x=>console.log(" ",x.canal,x.direccion+":",x.n));
#   console.log("═══ últimos 25 mensajes (cualquier canal) ═══");
#   q(`SELECT timestamp,canal,direccion,usuario_id,substr(cuerpo,1,60) c FROM eventos WHERE canal IN ('whatsapp','telegram','gmail') ORDER BY id DESC LIMIT 25`)
#    .reverse().forEach(x=>console.log(" ",x.timestamp.slice(5,16),x.canal.slice(0,3),x.direccion==='entrante'?'←':'→',"u"+x.usuario_id,String(x.c).replace(/\n/g," ")));
#   console.log("═══ vinculados TG ═══");
#   q(`SELECT nombre FROM usuarios WHERE telegram_chat_id IS NOT NULL`).forEach(x=>console.log("  ✓",x.nombre));
#   console.log("═══ WA saliente últimas 48h (debe ser 0) ═══");
#   console.log("  ", db.prepare("SELECT COUNT(*) n FROM eventos WHERE canal='whatsapp' AND direccion='saliente' AND timestamp>=datetime('now','-48 hours')").get().n);
#   console.log("═══ gestiones creadas/cerradas últimas 48h ═══");
#   q(`SELECT id,usuario_id,estado,substr("desc",1,55) d FROM pendientes WHERE creado>=datetime('now','-48 hours') OR cerrado>=datetime('now','-48 hours') ORDER BY id`)
#    .forEach(x=>console.log("  #"+x.id,"u"+x.usuario_id,x.estado,String(x.d).replace(/\n/g," ")));
#   console.log("═══ errores últimas 24h ═══");
#   q(`SELECT substr(cuerpo,1,70) c,COUNT(*) n FROM eventos WHERE canal='sistema' AND timestamp>=datetime('now','-24 hours') AND (cuerpo LIKE '%FALL%' OR cuerpo LIKE '%no pude%') GROUP BY substr(cuerpo,1,30) ORDER BY n DESC LIMIT 6`)
#    .forEach(x=>console.log("  "+x.n+"x",String(x.c).replace(/\n/g," ")));
#   db.close();
#   JS
#   node /tmp/dr.cjs; rm -f /tmp/dr.cjs
#   echo "═══ MariaBridge: últimos 8 logs (sin filtro de fecha) ═══"
#   grep "\[MB " ~/.pm2/logs/maria-paez-out.log | tail -8
#   echo LISTO

# ───── output ─────
fecha VPS: 2026-08-20 23:28 -03
═══ últimas 24h por canal ═══
  gmail entrante: 2
  gmail saliente: 35
  telegram entrante: 1
  telegram saliente: 9
═══ últimos 25 mensajes (cualquier canal) ═══
  08-20 12:15 gma → u9 ☀️ *Buen día, Cristian Ruiz.* jueves, 20 de agosto.  *🌡️ Cli
  08-20 12:30 gma → u2 ⏰ *En 15min*: Daily CMP (09:45 a. m.) Con: agustin.escobar@s
  08-20 12:45 gma → u6 ⏰ *En 15min*: Pedro martinez surcana (10:00 a. m.)
  08-20 13:15 gma → u6 ⏰ *En 15min*: Margot (10:30 a. m.)
  08-20 13:15 gma → u13 ⏰ *En 15min*: Ordenamiento de mails Grupo Pumayna (10:30 a. 
  08-20 13:45 gma → u2 ⏰ *En 15min*: Seguimiento de Tickets/Ciberseguridad (11:00 a
  08-20 14:15 gma → u13 ⏰ *En 15min*: Videopodcast & Marketing (11:30 a. m.) @Ortiz 
  08-20 14:45 tel → u1 ⏰ *En 15min*: GN + VR Weekly (12:00 p. m.) Con: javier.gueva
  08-20 15:05 tel ← u1 María, ¿qué horario le ofreciste a Manu Carrasco para la reu
  08-20 15:06 tel → u1 Le ofrecimos el lunes 24/08 de 15 a 18hs (el horario que hab
  08-20 15:45 gma → u13 ⏰ *En 15min*: Almuerzo Dani/Santi/Pablo (01:00 p. m.) Con: p
  08-20 16:15 gma → u6 ⏰ *En 15min*: Gotlib (01:30 p. m.)
  08-20 17:45 tel → u1 ⏰ *En 15min*: The Quantum Alliance (TQA) y Telecentro (03:00
  08-20 17:45 gma → u2 ⏰ *En 15min*: Demo MC (03:00 p. m.) Con: grey.uzcategui@sond
  08-20 18:45 tel → u1 ⏰ *En 15min*: catch up Guille/Diego (04:00 p. m.) Con: g@the
  08-20 18:45 gma → u2 ⏰ *En 15min*: Reunión feedback 08/2026 | Cristian Incarnato 
  08-20 18:45 gma → u6 ⏰ *En 15min*: Albrecht (04:00 p. m.)
  08-20 18:45 gma → u13 ⏰ *En 15min*: Juana (04:00 p. m.)
  08-20 19:45 tel → u1 ⏰ *En 15min*: CieloP (05:00 p. m.)
  08-20 19:45 tel → u1 ⏰ *En 15min*: Froneus Financiero (05:00 p. m.) @https://meet
  08-20 19:45 gma → u2 ⏰ *En 15min*: Reunión feedback 08/2026 | Noelia Brúscoli  (0
  08-20 20:15 gma → u6 ⏰ *En 15min*: Sergio (05:30 p. m.)
  08-20 20:21 tel → u1 ⏰ Follow-up vencido — Esperando que Gabriel Pacheco confirme
  08-20 21:15 gma → u13 ⏰ *En 15min*: 17.30 EST - Meet Santiago / Ruy x Grupo Pumayn
  08-20 23:15 gma → u6 ⏰ *En 15min*: Churba (08:30 p. m.)
═══ vinculados TG ═══
  ✓ Diego
═══ WA saliente últimas 48h (debe ser 0) ═══
   0
═══ gestiones creadas/cerradas últimas 48h ═══
  #266 u1 abierto Pasajes a Japón (fechas: 1, 14, 17 de abril)
  #267 u1 abierto tk iplan Wally
  #268 u1 abierto transferencia honda x3
  #269 u1 abierto choque y Julián
  #270 u1 abierto dividendos
═══ errores últimas 24h ═══
═══ MariaBridge: últimos 8 logs (sin filtro de fecha) ═══
2026-08-19 02:37:20: [MB v3.7] 02:37:14 I [upd] al día (v3.7 code=22, mío=22)
2026-08-19 08:37:24: [MB v3.7] 08:37:19 I [upd] al día (v3.7 code=22, mío=22)
2026-08-19 14:37:30: [MB v3.7] 14:37:22 I [upd] al día (v3.7 code=22, mío=22)
2026-08-19 20:37:33: [MB v3.7] 20:37:27 I [upd] al día (v3.7 code=22, mío=22)
2026-08-20 02:37:38: [MB v3.7] 02:37:29 I [upd] al día (v3.7 code=22, mío=22)
2026-08-20 08:37:33: [MB v3.7] 08:37:32 I [upd] al día (v3.7 code=22, mío=22)
2026-08-20 14:37:35: [MB v3.7] 14:37:36 I [upd] al día (v3.7 code=22, mío=22)
2026-08-20 20:37:40: [MB v3.7] 20:37:37 I [upd] al día (v3.7 code=22, mío=22)
LISTO

# exit=0
