# ejecutado: 2026-08-20T23:26:02-03:00
# host: ubuntu-4gb-nbg1-2
# instancia: maria-paez
# script:
#   #!/bin/bash
#   cat > /tmp/d19.cjs <<'JS'
#   const db=require("/root/secretaria/node_modules/better-sqlite3")(process.env.MARIA_DB,{readonly:true});
#   const q=(s,...a)=>db.prepare(s).all(...a);
#   console.log("═══ ACTIVIDAD DE HOY por canal ═══");
#   q(`SELECT canal,direccion,COUNT(*) n FROM eventos WHERE timestamp>=date('now') AND canal IN ('whatsapp','telegram','gmail') GROUP BY canal,direccion`)
#    .forEach(x=>console.log(" ",x.canal,x.direccion+":",x.n));
#   console.log("═══ ¿alguien se vinculó a TG hoy? ═══");
#   console.log("vinculados:", db.prepare("SELECT COUNT(*) n FROM usuarios WHERE telegram_chat_id IS NOT NULL").get().n,"/ 16");
#   q(`SELECT timestamp,substr(cuerpo,1,60) c FROM eventos WHERE canal='sistema' AND cuerpo LIKE '%telegram vinculado%' AND timestamp>=datetime('now','-2 days')`)
#    .forEach(x=>console.log("  ✓",x.timestamp.slice(5,16),x.c));
#   console.log("═══ WA saliente hoy (debe ser 0) ═══");
#   console.log("  ", db.prepare("SELECT COUNT(*) n FROM eventos WHERE canal='whatsapp' AND direccion='saliente' AND timestamp>=date('now')").get().n);
#   console.log("═══ conversaciones de hoy (últimas 20) ═══");
#   q(`SELECT timestamp,canal,direccion,usuario_id,substr(cuerpo,1,65) c FROM eventos WHERE timestamp>=date('now') AND canal IN ('whatsapp','telegram','gmail') ORDER BY id DESC LIMIT 20`)
#    .reverse().forEach(x=>console.log(" ",x.timestamp.slice(11,16),x.canal.slice(0,3),x.direccion==='entrante'?'←':'→',"u"+x.usuario_id,String(x.c).replace(/\n/g," ")));
#   console.log("═══ gestiones: nuevas/cerradas hoy ═══");
#   q(`SELECT id,usuario_id,estado,substr("desc",1,60) d FROM pendientes WHERE creado>=date('now') OR cerrado>=date('now') ORDER BY id`)
#    .forEach(x=>console.log("  #"+x.id,"u"+x.usuario_id,x.estado,String(x.d).replace(/\n/g," ")));
#   console.log("═══ errores hoy ═══");
#   q(`SELECT substr(cuerpo,1,80) c,COUNT(*) n FROM eventos WHERE canal='sistema' AND timestamp>=date('now') AND (cuerpo LIKE '%FALL%' OR cuerpo LIKE '%no pude%' OR cuerpo LIKE '%error%') GROUP BY substr(cuerpo,1,35) ORDER BY n DESC LIMIT 6`)
#    .forEach(x=>console.log("  "+x.n+"x",String(x.c).replace(/\n/g," ")));
#   db.close();
#   JS
#   node /tmp/d19.cjs; rm -f /tmp/d19.cjs
#   echo "═══ MariaBridge hoy ═══"
#   grep "\[MB " ~/.pm2/logs/maria-paez-out.log | grep "2026-08-19" | tail -6
#   echo "═══ pm2 ═══"
#   pm2 jlist 2>/dev/null | python3 -c "
#   import json,sys,time
#   for p in json.load(sys.stdin):
#       e=p['pm2_env']; print(' ',p['name'],e.get('status'),'uptime_h:',round((time.time()*1000-e.get('pm_uptime',0))/3600000,1))"
#   echo LISTO

# ───── output ─────
═══ ACTIVIDAD DE HOY por canal ═══
═══ ¿alguien se vinculó a TG hoy? ═══
vinculados: 1 / 16
═══ WA saliente hoy (debe ser 0) ═══
   0
═══ conversaciones de hoy (últimas 20) ═══
═══ gestiones: nuevas/cerradas hoy ═══
═══ errores hoy ═══
═══ MariaBridge hoy ═══
2026-08-19 02:36:32: [MB v3.7] 02:36:22 I [frio] accesibilidad conectada
2026-08-19 02:36:51: [MB v3.7] 02:36:43 I [svc] OutboxService arrancó (loop nuevo)
2026-08-19 02:37:20: [MB v3.7] 02:37:14 I [upd] al día (v3.7 code=22, mío=22)
2026-08-19 08:37:24: [MB v3.7] 08:37:19 I [upd] al día (v3.7 code=22, mío=22)
2026-08-19 14:37:30: [MB v3.7] 14:37:22 I [upd] al día (v3.7 code=22, mío=22)
2026-08-19 20:37:33: [MB v3.7] 20:37:27 I [upd] al día (v3.7 code=22, mío=22)
═══ pm2 ═══
  intensa-api online uptime_h: 96.1
  maria-paez online uptime_h: 45.2
LISTO

# exit=0
