# ejecutado: 2026-08-17T18:17:02-03:00
# host: ubuntu-4gb-nbg1-2
# instancia: maria-paez
# script:
#   #!/bin/bash
#   cat > /tmp/diag-c.cjs <<'JS'
#   const db=require("/root/secretaria/node_modules/better-sqlite3")(process.env.MARIA_DB,{readonly:true});
#   console.log("== ENTRANTES WA hoy desde 13:00Z ==");
#   db.prepare(`SELECT timestamp,de,nombre,substr(cuerpo,1,55) c FROM eventos WHERE canal='whatsapp' AND direccion='entrante' AND timestamp>='2026-08-17 13:00' ORDER BY id`).all()
#     .forEach(x=>console.log(x.timestamp.slice(11,16),(x.nombre||String(x.de).slice(-8)),"|",String(x.c).replace(/\n/g," ")));
#   console.log("== origen Te debo consulta ==");
#   db.prepare(`SELECT id,cuando,enviado,usuario_id,destino,substr(texto,1,70) t FROM programados WHERE texto LIKE '%Te debo consulta%' ORDER BY id DESC LIMIT 6`).all()
#     .forEach(x=>console.log("prog#"+x.id,x.cuando,"env:"+x.enviado,"u:"+x.usuario_id,x.destino,"|",x.t));
#   console.log("== pendientes recordados hoy ==");
#   db.prepare(`SELECT id,usuario_id,estado,ultimo_recordatorio,substr("desc",1,60) d FROM pendientes WHERE ultimo_recordatorio>='2026-08-17' ORDER BY id DESC LIMIT 8`).all()
#     .forEach(x=>console.log("#"+x.id,"u:"+x.usuario_id,x.ultimo_recordatorio,"|",x.d));
#   db.close();
#   JS
#   node /tmp/diag-c.cjs
#   rm -f /tmp/diag-c.cjs
#   echo LISTO

# ───── output ─────
== ENTRANTES WA hoy desde 13:00Z ==
13:36 Ulises | Ulises: Reacted ❤️ to "Genial Ulises, muchas gracias! S
13:36 Ulises | Ulises: Reacted ❤️ to "Genial Ulises, muchas gracias! S
13:45 Ulises | Ulises: Reacted ❤️ to "Genial Ulises, muchas gracias! S
14:52 Gabriela Echaniz | Gracias María!
15:52 Gabriela Echaniz | Gracias María!
15:52 Diego | (audio de voz, transcripto) ¿Cómo están los pendientes 
15:59 Diego | Y?
18:08 Diego | (audio de voz, transcripto) Y lo de Natal y Cancelano, 
18:08 Gabriela Echaniz | Gracias María!
18:08 Gabriela Echaniz | Gracias María!
18:08 Diego | (audio de voz, transcripto) Y ahí me escribí a Carolina
18:09 Diego | Lo de natali olvídate de todo, lo sigo yo
18:10 Diego | Y lo de la cena con caro y gabi, te paso opciones por q
== origen Te debo consulta ==
== pendientes recordados hoy ==
#263 u:1 2026-08-17T20:38:26.313Z | Pasarme las opciones de fecha en septiembre para la cena con
#253 u:3 2026-08-17T20:38:26.313Z | Natali dijo dos veces "Hoy no puedo" sin dar contexto de a q
LISTO

# exit=0
