# ejecutado: 2026-08-17T18:15:02-03:00
# host: ubuntu-4gb-nbg1-2
# instancia: maria-paez
# script:
#   #!/bin/bash
#   node -e '
#   const db=require("/root/secretaria/node_modules/better-sqlite3")(process.env.MARIA_DB,{readonly:true});
#   console.log("== ENTRANTES WA de hoy 13:00Z en adelante ==");
#   db.prepare("SELECT timestamp,de,nombre,substr(cuerpo,1,55) c FROM eventos WHERE canal='whatsapp' AND direccion='entrante' AND timestamp>='2026-08-17 13:00' ORDER BY id").all().forEach(x=>console.log(x.timestamp.slice(11,16),(x.nombre||String(x.de).slice(-8)),"|",String(x.c).replace(/\n/g," ")));
#   console.log("== origen del Te debo consulta ==");
#   db.prepare("SELECT id,cuando,enviado,usuario_id,destino,substr(texto,1,70) t FROM programados WHERE texto LIKE '%Te debo consulta%' ORDER BY id DESC LIMIT 6").all().forEach(x=>console.log("prog#"+x.id,x.cuando,"env:"+x.enviado,"u:"+x.usuario_id,x.destino,"|",x.t));
#   console.log("== pendientes con recordatorio activo (dueno maria / recordar) ==");
#   db.prepare("SELECT id,usuario_id,estado,ultimo_recordatorio,substr("desc",1,60) d FROM pendientes WHERE estado='abierto' AND ultimo_recordatorio>='2026-08-17' ORDER BY id DESC LIMIT 8").all().forEach(x=>console.log("#"+x.id,"u:"+x.usuario_id,x.ultimo_recordatorio,"|",x.d));
#   db.close();'
#   echo LISTO

# ───── output ─────
[eval]:4
db.prepare("SELECT timestamp,de,nombre,substr(cuerpo,1,55) c FROM eventos WHERE canal=whatsapp AND direccion=entrante AND timestamp>=2026-08-17
           ^^^^^^^^^^^^^^^^^^^^^^^^^^^^^^^^^^^^^^^^^^^^^^^^^^^^^^^^^^^^^^^^^^^^^^^^^^^^^^^^^^^^^^^^^^^^^^^^^^^^^^^^^^^^^^^^^^^^^^^^^^^^^^^^^^^^
Expected ',', got '<eof>'

SyntaxError: Invalid or unexpected token
    at makeContextifyScript (node:internal/vm:185:14)
    at compileScript (node:internal/process/execution:383:10)
    at evalTypeScript (node:internal/process/execution:256:22)
    at node:internal/main/eval_string:74:3

Node.js v22.23.1
LISTO

# exit=0
