# ejecutado: 2026-08-05T23:06:02-03:00
# host: ubuntu-4gb-nbg1-2
# instancia: maria-paez
# script:
#   #!/bin/bash
#   node -e "
#   const db = require('/root/secretaria/node_modules/better-sqlite3')(process.env.MARIA_DB, {readonly:true});
#   const rows = db.prepare(\"SELECT timestamp, canal, direccion, substr(cuerpo,1,70) c, tipo_original FROM eventos WHERE usuario_id=1 AND canal IN ('whatsapp','telegram') AND timestamp >= datetime('now','-3 hours') ORDER BY id DESC LIMIT 12\").all();
#   rows.reverse().forEach(r => console.log(r.timestamp, '|', r.canal, r.direccion, '|', (r.tipo_original||''), '|', r.c.replace(/\n/g,' ')));
#   db.close();
#   "
#   echo LISTO

# ───── output ─────
2026-08-05 23:30:13 | whatsapp entrante |  | (el remitente mandó un AUDIO que no podés escuchar por este canal — pe
2026-08-05 23:30:24 | whatsapp saliente |  | Diego, no puedo escuchar audios por WhatsApp todavía. ¿Me lo pasás en 
2026-08-05 23:30:59 | telegram entrante |  | María, ¿me podrás poner un almuerzo este viernes al lado de la tarde c
2026-08-05 23:31:32 | whatsapp entrante |  | Ahí te mandé por tlg
2026-08-05 23:31:56 | telegram saliente |  | Diego, se me mezclaron algunas palabras en tu mensaje y no quiero mete
2026-08-05 23:32:13 | whatsapp saliente |  | Diego, desde acá (WhatsApp) no puedo ver lo que me mandaste por Telegr
2026-08-05 23:33:14 | telegram entrante |  | 14 horas, hasta las 16 En Gardiner Con santiago Capurro (invítalo)
2026-08-05 23:33:59 | telegram saliente |  | Listo, te agendé el almuerzo del viernes 07/08 de 14 a 16hs en Gardine
LISTO

# exit=0
