# ejecutado: 2026-08-14T18:10:02-03:00
# host: ubuntu-4gb-nbg1-2
# instancia: maria-paez
# script:
#   #!/bin/bash
#   node -e "
#   const db = require('/root/secretaria/node_modules/better-sqlite3')(process.env.MARIA_DB, {readonly:true});
#   const u = db.prepare(\"SELECT id, nombre, wa_cus, wa_lid FROM usuarios WHERE nombre LIKE '%Echaniz%'\").get();
#   console.log('usuario:', JSON.stringify(u));
#   const rows = db.prepare(\"SELECT id, timestamp, direccion, substr(cuerpo,1,120) c, json_extract(metadata_json,'\$.messageId') mid FROM eventos WHERE usuario_id=? AND canal='whatsapp' ORDER BY id DESC LIMIT 8\").all(u.id);
#   rows.reverse().forEach(r => console.log(r.id, r.timestamp, r.direccion, '|', String(r.c).replace(/\n/g,' '), '| mid:', String(r.mid||'').slice(0,30)));
#   // errores recientes asociados
#   const errs = db.prepare(\"SELECT timestamp, substr(cuerpo,1,120) c FROM eventos WHERE canal='sistema' AND (cuerpo LIKE '%Echaniz%' OR cuerpo LIKE '%falló%') AND timestamp >= datetime('now','-1 day') ORDER BY id DESC LIMIT 5\").all();
#   console.log('--- sistema:'); errs.forEach(r => console.log(r.timestamp, '|', String(r.c).replace(/\n/g,' ')));
#   db.close();
#   "
#   echo LISTO

# ───── output ─────
usuario: {"id":18,"nombre":"Gabriela Echaniz","wa_cus":"5491165286555@c.us","wa_lid":null}
26230 2026-08-06 11:46:34 entrante | 👤 Ulises | mid: 
26232 2026-08-06 11:46:58 saliente | Me llegó el contacto de Ulises pero sin el número (solo veo el nombre) 🤔 ¿Me lo pasás en texto (el WhatsApp) para guarda | mid: 
26233 2026-08-06 11:46:58 entrante | Me había olvidado de mandarte el contacto | mid: 
26235 2026-08-06 11:47:45 saliente | Sin drama! Cuando puedas pasame el WhatsApp de Ulises en texto (el vCard llegó sin número, solo el nombre) y el de Esteb | mid: 
26236 2026-08-06 11:47:46 entrante | Escribile para arreglar para vernos y pedirle la receta del chipa | mid: 
26238 2026-08-06 11:48:24 saliente | Igual no tengo el número de ninguno de los dos todavía (ni Ulises ni Esteban) — el vCard de Ulises llegó sin teléfono. ¿ | mid: 
26239 2026-08-06 11:48:39 entrante | El arregla por los dos, le avisa a esteban, son marido y marido | mid: 
26243 2026-08-06 11:49:01 saliente | Dale, entendido que Ulises arregla por los dos y le avisa a Esteban. Igual me falta el número de WhatsApp de Ulises para | mid: 
--- sistema:
LISTO

# exit=0
