# ejecutado: 2026-08-17T19:37:02-03:00
# host: ubuntu-4gb-nbg1-2
# instancia: maria-paez
# script:
#   #!/bin/bash
#   echo "== MB log completo 12:55-13:05 ART (ventana entrega Nicolas) =="
#   grep "\[MB " ~/.pm2/logs/maria-paez-out.log | awk '$2>="12:55:00" && $2<="13:10:00"' | head -12
#   echo "== TODAS las lineas [notif] entrante de hoy =="
#   grep "\[MB " ~/.pm2/logs/maria-paez-out.log | grep "notif\] entrante" | tail -25
#   cat > /tmp/diag-d.cjs <<'JS'
#   const db=require("/root/secretaria/node_modules/better-sqlite3")(process.env.MARIA_DB,{readonly:true});
#   console.log("== texto completo del Te debo consulta (outbox #70) ==");
#   const r=db.prepare(`SELECT texto FROM wa_outbox WHERE id=70`).get();
#   console.log(r ? r.texto.slice(0,400) : "no está");
#   console.log("== pendientes 253 y 263 completos ==");
#   db.prepare(`SELECT id,usuario_id,estado,creado,ultimo_recordatorio,"desc" d,meta_json FROM pendientes WHERE id IN (253,263)`).all()
#     .forEach(x=>console.log("#"+x.id,"u:"+x.usuario_id,x.estado,"creado:"+String(x.creado).slice(5,16),"| "+String(x.d).slice(0,120)));
#   db.close();
#   JS
#   node /tmp/diag-d.cjs; rm -f /tmp/diag-d.cjs
#   echo LISTO

# ───── output ─────
== MB log completo 12:55-13:05 ART (ventana entrega Nicolas) ==
2026-08-16 12:59:46: [MB v2.2] 12:59:37 I [notif] listener conectado
2026-08-16 12:59:46: [MB v2.2] 12:59:38 I [frio] accesibilidad conectada
2026-08-16 12:59:46: [MB v2.2] 12:59:47 I [upd] al día (v2.2 code=7, mío=7)
2026-08-16 13:00:06: [MB v2.2] 13:00:06 I [svc] OutboxService arrancó
2026-08-16 13:00:36: [MB v2.2] 13:00:37 I [upd] al día (v2.2 code=7, mío=7)
2026-08-17 12:56:54: [MB v2.9] 12:56:53 I [frio] abriendo chat 5491155771290 (#58)
2026-08-17 12:56:54: [MB v2.9] 12:56:54 I [frio] botón send encontrado — tap
2026-08-17 12:57:04: [MB v2.9] 12:56:56 I [frio] verificación #58: ENVIADO
2026-08-17 12:57:04: [MB v2.9] 12:56:56 I [outbox] enviado EN FRÍO (accesibilidad) → 5491155771290
2026-08-17 12:59:49: [MB v2.9] 12:59:45 I [notif] entrante de "Diego Paez": Y?
2026-08-17 13:00:57: [MB v2.9] 13:00:53 I [notif] reply inline a "Diego Paez": ENVIADA
2026-08-17 13:00:57: [MB v2.9] 13:00:54 I [notif] entrante de "": Sensitive notification content hidden
== TODAS las lineas [notif] entrante de hoy ==
2026-08-16 21:49:58: [MB v2.3] 21:49:57 I [notif] entrante de "Gabriel Pacheco": Miércoles 19
2026-08-17 03:50:04: [MB v2.5] 03:50:00 I [notif] entrante de "Your account is no longer restricted": All features are now available for you.
2026-08-17 03:50:04: [MB v2.5] 03:50:00 I [notif] entrante de "Your account is no longer restricted": All features are now available for you.
2026-08-17 09:11:32: [MB v2.5] 09:11:31 I [notif] entrante de "Ulises": Ulises: Reacted ❤️ to "Genial Ulises, muchas gracias! Se lo 
2026-08-17 09:21:57: [MB v2.5] 09:21:55 I [notif] entrante de "Ulises": Ulises: Reacted ❤️ to "Genial Ulises, muchas gracias! Se lo 
2026-08-17 09:30:33: [MB v2.6] 09:30:31 I [notif] entrante de "Ulises": Ulises: Reacted ❤️ to "Genial Ulises, muchas gracias! Se lo 
2026-08-17 09:30:49: [MB v2.6] 09:30:35 I [notif] entrante de "Ulises": Ulises: Reacted ❤️ to "Genial Ulises, muchas gracias! Se lo 
2026-08-17 09:30:49: [MB v2.6] 09:30:41 I [notif] entrante de "Ulises": Ulises: Reacted ❤️ to "Genial Ulises, muchas gracias! Se lo 
2026-08-17 09:30:56: [MB v2.6] 09:30:51 I [notif] entrante de "Ulises": Ulises: Reacted ❤️ to "Genial Ulises, muchas gracias! Se lo 
2026-08-17 09:55:45: [MB v2.7] 09:55:37 I [notif] entrante de "Diego Paez": 🎤 Voice message (0:06)
2026-08-17 09:57:28: [MB v2.7] 09:57:23 I [notif] entrante de "Diego Paez": 🎤 Voice message (0:06)
2026-08-17 10:36:10: [MB v2.8] 10:36:08 I [notif] entrante de "Ulises": Ulises: Reacted ❤️ to "Genial Ulises, muchas gracias! Se lo 
2026-08-17 10:36:49: [MB v2.8] 10:36:47 I [notif] entrante de "Ulises": Ulises: Reacted ❤️ to "Genial Ulises, muchas gracias! Se lo 
2026-08-17 10:45:19: [MB v2.8] 10:45:12 I [notif] entrante de "Ulises": Ulises: Reacted ❤️ to "Genial Ulises, muchas gracias! Se lo 
2026-08-17 11:52:56: [MB v2.9] 11:52:51 I [notif] entrante de "Gabriela Echaniz": Gracias María!
2026-08-17 12:52:26: [MB v2.9] 12:52:14 I [notif] entrante de "Gabriela Echaniz": Gracias María!
2026-08-17 12:52:26: [MB v2.9] 12:52:14 I [notif] entrante de "Diego Paez": 🎤 Voice message (0:21)
2026-08-17 12:59:49: [MB v2.9] 12:59:45 I [notif] entrante de "Diego Paez": Y?
2026-08-17 13:00:57: [MB v2.9] 13:00:54 I [notif] entrante de "": Sensitive notification content hidden
2026-08-17 15:08:38: [MB v2.9] 15:08:24 I [notif] entrante de "Gabriela Echaniz": Gracias María!
2026-08-17 15:08:38: [MB v2.9] 15:08:24 I [notif] entrante de "Diego Paez": 🎤 Voice message (0:11)
2026-08-17 15:08:52: [MB v2.9] 15:08:39 I [notif] entrante de "Gabriela Echaniz": Gracias María!
2026-08-17 15:08:52: [MB v2.9] 15:08:39 I [notif] entrante de "Diego Paez": 🎤 Voice message (0:13)
2026-08-17 15:09:59: [MB v2.9] 15:09:50 I [notif] entrante de "Diego Paez": Lo de natali olvídate de todo, lo sigo yo
2026-08-17 15:10:19: [MB v2.9] 15:10:18 I [notif] entrante de "Diego Paez": Y lo de la cena con caro y gabi, te paso opciones por qué ca
== texto completo del Te debo consulta (outbox #70) ==
Te debo consulta sobre algo pendiente 👇

1. Natali dijo dos veces "Hoy no puedo" sin dar contexto de a qué se refiere — 30h

Decime qué hago con cada uno.
== pendientes 253 y 263 completos ==
#253 u:3 abierto creado:08-16 13:57 | Natali dijo dos veces "Hoy no puedo" sin dar contexto de a qué se refiere
#263 u:1 abierto creado:08-17 18:10 | Pasarme las opciones de fecha en septiembre para la cena con Carolina Brunatti y Gabriel Pacheco en FICO (Caro pidió mov
LISTO

# exit=0
