# ejecutado: 2026-09-02T18:05:22-03:00
# host: ubuntu-4gb-nbg1-2
# instancia: maria-paez
# script:
#   #!/bin/bash
#   cd /root/secretaria
#   echo "── los fallos de upsert_contacto de hoy ──"
#   timeout 15 grep -E "2026-09-02.*upsert_contacto" /root/.pm2/logs/maria-paez-out.log /root/.pm2/logs/maria-paez-error.log | tail -8 | cut -c1-400
#   echo ""
#   echo "── fichas de Noelia y Luciano AHORA ──"
#   timeout 20 node -e "
#   const mem=require('/root/secretaria/memory');
#   mem.db.prepare(\"SELECT id,usuario_id,nombre,whatsapp,email,visibilidad FROM contactos WHERE nombre LIKE '%Noelia%' OR nombre LIKE '%Luciano%' OR nombre LIKE '%Bruscoli%' OR nombre LIKE '%Peroni%'\").all().forEach(c=>console.log(' ',JSON.stringify(c)));"
#   echo LISTO

# ───── output ─────
── los fallos de upsert_contacto de hoy ──
/root/.pm2/logs/maria-paez-error.log:2026-09-02 14:37:24: [executor] acción #0 (upsert_contacto) falló: upsert_contacto: posible DUPLICADO de un contacto existente: "Nbruscoli" (nbruscoli@froneus.com) — mismo email. NO lo creé. Preguntale al usuario qué hacer: (1) si es la MISMA persona, ¿actualizo la ficha existente con los datos nuevos, dejo la vieja como está, o piso todo? — para actu
/root/.pm2/logs/maria-paez-error.log:2026-09-02 14:37:25: [executor] acción #0 (upsert_contacto) falló: upsert_contacto: posible DUPLICADO de un contacto existente: "Lperoni" (lperoni@froneus.com) — mismo email. NO lo creé. Preguntale al usuario qué hacer: (1) si es la MISMA persona, ¿actualizo la ficha existente con los datos nuevos, dejo la vieja como está, o piso todo? — para actualiz
/root/.pm2/logs/maria-paez-error.log:2026-09-02 14:37:35: [executor] acción #0 (upsert_contacto) falló: upsert_contacto: posible DUPLICADO de un contacto existente: "Noelia Bruscoli" (5491155947242@c.us) — mismo telefono. NO lo creé. Preguntale al usuario qué hacer: (1) si es la MISMA persona, ¿actualizo la ficha existente con los datos nuevos, dejo la vieja como está, o piso todo? — par
/root/.pm2/logs/maria-paez-error.log:2026-09-02 14:37:35: [executor] acción #0 (upsert_contacto) falló: upsert_contacto: posible DUPLICADO de un contacto existente: "Luciano Peroni" (5491159524645@c.us) — mismo telefono. NO lo creé. Preguntale al usuario qué hacer: (1) si es la MISMA persona, ¿actualizo la ficha existente con los datos nuevos, dejo la vieja como está, o piso todo? — para
/root/.pm2/logs/maria-paez-error.log:2026-09-02 14:37:42: [executor] acción #0 (upsert_contacto) falló: upsert_contacto: posible DUPLICADO de un contacto existente: "Nbruscoli" (nbruscoli@froneus.com) — mismo email. NO lo creé. Preguntale al usuario qué hacer: (1) si es la MISMA persona, ¿actualizo la ficha existente con los datos nuevos, dejo la vieja como está, o piso todo? — para actu
/root/.pm2/logs/maria-paez-error.log:2026-09-02 14:37:42: [executor] acción #0 (upsert_contacto) falló: upsert_contacto: posible DUPLICADO de un contacto existente: "Lperoni" (lperoni@froneus.com) — mismo email. NO lo creé. Preguntale al usuario qué hacer: (1) si es la MISMA persona, ¿actualizo la ficha existente con los datos nuevos, dejo la vieja como está, o piso todo? — para actualiz

── fichas de Noelia y Luciano AHORA ──
  {"id":494,"usuario_id":2,"nombre":"Nbruscoli","whatsapp":null,"email":"nbruscoli@luminaconsultora.com","visibilidad":"privada"}
  {"id":520,"usuario_id":2,"nombre":"Noelia Bruscoli","whatsapp":null,"email":"noelia.bruscoli@sondeosglobal.com","visibilidad":"privada"}
  {"id":532,"usuario_id":1,"nombre":"Luciano Peroni","whatsapp":"5491159524645@c.us","email":null,"visibilidad":"privada"}
  {"id":533,"usuario_id":1,"nombre":"Noelia Bruscoli","whatsapp":"5491155947242@c.us","email":null,"visibilidad":"privada"}
  {"id":544,"usuario_id":1,"nombre":"Lperoni","whatsapp":null,"email":"lperoni@froneus.com","visibilidad":"privada"}
  {"id":545,"usuario_id":1,"nombre":"Nbruscoli","whatsapp":null,"email":"nbruscoli@froneus.com","visibilidad":"privada"}
LISTO

# exit=0
