# ejecutado: 2026-08-17T21:24:01-03:00
# host: ubuntu-4gb-nbg1-2
# instancia: maria-paez
# script:
#   #!/bin/bash
#   cat > /tmp/dnb.cjs <<'JS'
#   const db=require("/root/secretaria/node_modules/better-sqlite3")(process.env.MARIA_DB,{readonly:true});
#   console.log("== eventos 23:20-23:30 UTC (el saludo a Santiago) ==");
#   db.prepare(`SELECT timestamp,canal,direccion,substr(cuerpo,1,110) c FROM eventos WHERE timestamp BETWEEN '2026-08-17 23:20' AND '2026-08-17 23:30' AND (cuerpo LIKE '%antiago%' OR cuerpo LIKE '%enviar_wa%' OR cuerpo LIKE '%saludo%' OR canal='whatsapp') ORDER BY id`).all()
#     .forEach(x=>console.log(x.timestamp.slice(11,19),x.canal,x.direccion||"",":",String(x.c).replace(/\n/g," ")));
#   console.log("== transcript del audio de Diego 23:22 (¿whisper small?) ==");
#   db.prepare(`SELECT timestamp,substr(cuerpo,1,150) c FROM eventos WHERE canal='whatsapp' AND direccion='entrante' AND cuerpo LIKE '%transcripto%' AND timestamp>='2026-08-17 23:00' ORDER BY id DESC LIMIT 2`).all()
#     .forEach(x=>console.log(x.timestamp.slice(11,19),"|",String(x.c).replace(/\n/g," ")));
#   db.close();
#   JS
#   node /tmp/dnb.cjs; rm -f /tmp/dnb.cjs
#   echo "== quien genera 'Te debo consulta' =="
#   grep -rln "Te debo consulta" /root/secretaria/*.js | head -3
#   grep -rn "Te debo consulta" /root/secretaria/*.js 2>/dev/null | head -3
#   echo "== cadencia (contexto) =="
#   F=$(grep -rln "Te debo consulta" /root/secretaria/*.js | head -1)
#   [ -n "$F" ] && grep -n "hora\|HORAS\|_MS\|ultimo_recordatorio\|cadencia" "$F" | head -8
#   echo LISTO

# ───── output ─────
== eventos 23:20-23:30 UTC (el saludo a Santiago) ==
23:22:59 whatsapp entrante : (audio de voz, transcripto) Sí, mandarle un saludo felicitándolo, pero que sea algo más bien de tu parte, no m
23:23:26 sistema interno : acción FALLÓ: enviar_wa — enviar_wa: WA "PLACEHOLDER" no está en libreta ni es usuario activo. Cargá el contac
23:23:55 sistema interno : acción ejecutada: enviar_wa
23:24:01 whatsapp saliente : ¡Hola Santiago! Soy Maria, la secretaria de Diego. Me enteré que mañana es tu cumple — quería mandarte un salu
23:24:06 whatsapp saliente : Le mandé el saludo a Santiago de mi parte, ¡que lo pases lindo mañana! 🎉  ⚠️ Ojo: no pude completar esta acció
== transcript del audio de Diego 23:22 (¿whisper small?) ==
23:22:59 | (audio de voz, transcripto) Sí, mandarle un saludo felicitándolo, pero que sea algo más bien de tu parte, no mía.
== quien genera 'Te debo consulta' ==
/root/secretaria/i18n.js
/root/secretaria/recordatorios.js
/root/secretaria/i18n.js:36:    recConsultaEnc: (n) => `Te debo consulta sobre ${n === 1 ? 'algo pendiente' : `${n} cosas pendientes`} 👇`,
/root/secretaria/recordatorios.js:44:    encabezado: (n) => `Te debo consulta sobre ${n === 1 ? 'algo pendiente' : `${n} cosas pendientes`} 👇`,
== cadencia (contexto) ==
44:    cumpleCierre: (plural) => `¿Le${plural ? 's' : ''} mando un saludo de tu parte? Decime el tono o pasame el texto y lo mando mañana a primera hora. Si no, ignorá este mensaje.`,
50:    pendLine: (c, n, a) => `📝 Pendientes: ${c} cerrados · ${n} nuevos · ${a} abiertos ahora`,
LISTO

# exit=0
