# ejecutado: 2026-08-23T12:01:02-03:00
# host: ubuntu-4gb-nbg1-2
# instancia: maria-paez
# script:
#   #!/bin/bash
#   cd /root/secretaria
#   echo "── canary ──"; cat state/.canary-bad-commit 2>/dev/null && echo "⚠️ MALO" || echo "limpio ✓"
#   timeout 20 pm2 jlist 2>/dev/null | python3 -c "
#   import json,sys,time
#   for p in json.load(sys.stdin):
#       if p['name']!='maria-paez': continue
#       print('  pm2', p['pm2_env']['status'], 'up=%dmin'%((time.time()*1000-p['pm2_env']['pm_uptime'])/60000))"
#   echo ""
#   echo "════ DRY-RUN: a quién pausaría el 1º de septiembre ════"
#   timeout 45 node -e "
#   const d=require('/root/secretaria/usuarios-dormidos');
#   d.revisar({dryRun:true}).then(r=>{
#     if (!r.pausados.length) return console.log('  (ninguno)');
#     for (const x of r.pausados) console.log('  · '+x.nombre.padEnd(22)+x.dias+' días'+(x.nuncaEscribio?'  (NUNCA escribió)':'')+'   '+(x.email||'sin email'));
#     console.log('\n  total: '+r.pausados.length);
#   }).catch(e=>console.log('  err:', e.message));"
#   echo ""
#   echo "── quiénes SIGUEN recibiendo brief ──"
#   timeout 20 node -e "
#   const u=require('/root/secretaria/usuarios');
#   console.log('  servidos:', u.listarServidos().map(x=>x.nombre).join(', '));
#   console.log('  pausados hoy:', u.listarPausados().map(x=>x.nombre).join(', ')||'(ninguno)');"
#   echo LISTO

# ───── output ─────
── canary ──
limpio ✓
  pm2 online up=1min

════ DRY-RUN: a quién pausaría el 1º de septiembre ════
  · Santiago Bignone      95 días   santiagocbignone@gmail.com
  · Nicolas Kosinski      95 días   nkosinski@froneus.com
  · Walter Vera           102 días  (NUNCA escribió)   wvera@froneus.com
  · Cristian Ruiz         81 días   cruiz@froneus.com
  · Sebastian Ameijeira   89 días   sameijeira@froneus.com
  · Santiago Capurro      83 días   santiago@capurro.com.ar
  · Andres Neumann        82 días   andres@nomada.com
  · Jaime Cibils          57 días  (NUNCA escribió)   jcibils@csml.com.ar
  · Alfonso Amat          53 días  (NUNCA escribió)   alfonso.amat@gmail.com

  total: 9

── quiénes SIGUEN recibiendo brief ──
  servidos: Diego, Hernan Fulco, Natali Funez, Santiago Bignone, Doris Capurro, Nicolas Kosinski, Walter Vera, Cristian Ruiz, Sebastian Ameijeira, Enrique Sosa, Santiago Capurro, Andres Neumann, Gabriela Echaniz, Jaime Cibils, Alfonso Amat
  pausados hoy: (ninguno)
LISTO

# exit=0
