# ejecutado: 2026-08-18T12:07:02-03:00
# host: ubuntu-4gb-nbg1-2
# instancia: maria-paez
# script:
#   #!/bin/bash
#   cd /root/secretaria
#   echo "== 1. PAUSAR re-campaña restante (verificado) =="
#   bash ops/tools/programados-ctl.sh pausar 1368 1369 1370 1371 1372 1373 1374
#   echo "== 2. VENCER todo el outbox pendiente (cortar el martilleo) =="
#   cat > /tmp/emg.cjs <<'JS'
#   const db=require("/root/secretaria/node_modules/better-sqlite3")(process.env.MARIA_DB);
#   const r=db.prepare(`UPDATE wa_outbox SET estado='vencido' WHERE estado='pendiente'`).run();
#   console.log("outbox pendientes vencidos:",r.changes);
#   db.close();
#   JS
#   node /tmp/emg.cjs; rm -f /tmp/emg.cjs
#   echo "== 3. logs MB: por qué fallan los fríos =="
#   grep "\[MB " ~/.pm2/logs/maria-paez-out.log | grep -E "frio|FALLO|ABIERTO" | tail -15
#   echo LISTO

# ───── output ─────
== 1. PAUSAR re-campaña restante (verificado) ==
{"id":1368,"cuando":"2026-08-18T15:15:00.000Z","enviado":0,"razon":"usuario","t":"¡Hola Sebastian! Te cuento algo útil: ah"}
{"id":1369,"cuando":"2026-08-18T16:00:00.000Z","enviado":0,"razon":"usuario","t":"¡Hola Enrique! Te cuento algo útil: ahor"}
{"id":1370,"cuando":"2026-08-18T16:45:00.000Z","enviado":0,"razon":"usuario","t":"¡Hola Santiago! Te cuento algo útil: aho"}
{"id":1371,"cuando":"2026-08-18T17:30:00.000Z","enviado":0,"razon":"usuario","t":"¡Hola Andres! Te cuento algo útil: ahora"}
{"id":1372,"cuando":"2026-08-18T18:15:00.000Z","enviado":0,"razon":"usuario","t":"¡Hola Gabriela! Te cuento algo útil: aho"}
{"id":1373,"cuando":"2026-08-18T19:00:00.000Z","enviado":0,"razon":"usuario","t":"¡Hola Jaime! Te cuento algo útil: ahora "}
{"id":1374,"cuando":"2026-08-18T19:45:00.000Z","enviado":0,"razon":"usuario","t":"¡Hola Alfonso! Te cuento algo útil: ahor"}
^ verificá que el campo enviado quedó como esperabas ANTES de confiar.
== 2. VENCER todo el outbox pendiente (cortar el martilleo) ==
outbox pendientes vencidos: 26
== 3. logs MB: por qué fallan los fríos ==
2026-08-18 12:03:18: [MB v3.4] 12:03:11 W [frio] timeout #176 — no encontré el botón send
2026-08-18 12:03:28: [MB v3.4] 12:03:20 I [frio] abriendo chat 5491132317896 (#174)
2026-08-18 12:03:55: [MB v3.4] 12:03:45 W [frio] timeout #174 — no encontré el botón send
2026-08-18 12:03:55: [MB v3.4] 12:03:56 I [frio] abriendo chat 5491132317896 (#176)
2026-08-18 12:04:25: [MB v3.4] 12:04:21 W [frio] timeout #176 — no encontré el botón send
2026-08-18 12:04:35: [MB v3.4] 12:04:26 I [frio] abriendo chat 5491132317896 (#175)
2026-08-18 12:04:55: [MB v3.4] 12:04:51 W [frio] timeout #175 — no encontré el botón send
2026-08-18 12:05:05: [MB v3.4] 12:04:56 I [frio] abriendo chat 5491132317896 (#176)
2026-08-18 12:05:25: [MB v3.4] 12:05:22 W [frio] timeout #176 — no encontré el botón send
2026-08-18 12:05:35: [MB v3.4] 12:05:27 I [frio] abriendo chat 5491132317896 (#178)
2026-08-18 12:05:55: [MB v3.4] 12:05:52 W [frio] timeout #178 — no encontré el botón send
2026-08-18 12:05:55: [MB v3.4] 12:05:56 I [frio] abriendo chat 5491132317896 (#176)
2026-08-18 12:06:28: [MB v3.4] 12:06:21 W [frio] timeout #176 — no encontré el botón send
2026-08-18 12:06:28: [MB v3.4] 12:06:28 I [frio] abriendo chat 5491132317896 (#178)
2026-08-18 12:06:58: [MB v3.4] 12:06:53 W [frio] timeout #178 — no encontré el botón send
LISTO

# exit=0
