# ejecutado: 2026-08-16T23:33:02-03:00
# host: ubuntu-4gb-nbg1-2
# instancia: maria-paez
# script:
#   #!/bin/bash
#   node -e "
#   const db=require('/root/secretaria/node_modules/better-sqlite3')(process.env.MARIA_DB,{readonly:true});
#   console.log('── outbox: mensajes de la cena ──');
#   db.prepare(\"SELECT id,creado,estado,intentos,numero,substr(texto,1,50) t FROM wa_outbox WHERE id>=45 ORDER BY id\").all().forEach(r=>console.log('#'+r.id,r.estado,'int:'+r.intentos,r.numero,'|',String(r.t).replace(/\n/g,' ')));
#   console.log('── contacto Carolina (¿tiene email?) ──');
#   db.prepare(\"SELECT nombre,whatsapp,email FROM contactos WHERE nombre LIKE '%runatti%'\").all().forEach(r=>console.log(r.nombre,'|',r.whatsapp,'|',r.email));
#   console.log('── ¿respondió Gabriel? ──');
#   db.prepare(\"SELECT timestamp,direccion,substr(cuerpo,1,60) c FROM eventos WHERE canal='whatsapp' AND de LIKE '%40402319%' ORDER BY id DESC LIMIT 3\").all().forEach(r=>console.log(r.timestamp.slice(11),r.direccion,'|',String(r.c).replace(/\n/g,' ')));
#   db.close();"
#   echo LISTO

# ───── output ─────
── outbox: mensajes de la cena ──
#45 entregado int:1 5491140402319 | Hola Gabriel! Soy Maria, la secretaria de Diego. T
#46 vencido int:314 5491141885339 | Hola Carolina! Soy Maria, la secretaria de Diego. 
#47 entregado int:1 5491140402319 | Genial, anotado miércoles 19! Apenas confirme Caro
── contacto Carolina (¿tiene email?) ──
Brunatti Carolina | 5491141885339@c.us | carolina.brunatti@telefonica.com
── ¿respondió Gabriel? ──
00:50:33 saliente | Genial, anotado miércoles 19! Apenas confirme Carolina tambi
00:49:56 entrante | Miércoles 19
00:46:21 saliente | Hola Gabriel! Soy Maria, la secretaria de Diego. Te escribo 
LISTO

# exit=0
