# ejecutado: 2026-08-16T00:09:02-03:00
# host: ubuntu-4gb-nbg1-2
# instancia: maria-paez
# script:
#   #!/bin/bash
#   echo "── ¿mensaje entregado? ──"
#   node -e "const db=require('/root/secretaria/node_modules/better-sqlite3')(process.env.MARIA_DB,{readonly:true}); const r=db.prepare('SELECT id,estado,intentos FROM wa_outbox ORDER BY id DESC LIMIT 1').get(); console.log('#'+r.id, r.estado, 'int:'+r.intentos); db.close();"
#   echo "── diagnóstico mbdiag (si no matcheó) ──"
#   grep "MB-DIAG" ~/.pm2/logs/maria-paez-out.log | tail -3
#   node -e "const db=require('/root/secretaria/node_modules/better-sqlite3')(process.env.MARIA_DB,{readonly:true}); db.prepare(\"SELECT timestamp,substr(cuerpo,1,220) c FROM eventos WHERE tipo='mbdiag' ORDER BY id DESC LIMIT 2\").all().forEach(r=>console.log(r.timestamp.slice(11),'|',r.c)); db.close();"
#   echo LISTO

# ───── output ─────
── ¿mensaje entregado? ──
#39 pendiente int:23
── diagnóstico mbdiag (si no matcheó) ──
2026-08-16 00:08:52: [MB-DIAG] buscaba nombre="Diego" numero="5491132317896" pendiente=39 | chats_vivos=[]
2026-08-16 00:08:57: [MB-DIAG] buscaba nombre="Diego" numero="5491132317896" pendiente=39 | chats_vivos=[]
2026-08-16 00:09:02: [MB-DIAG] buscaba nombre="Diego" numero="5491132317896" pendiente=39 | chats_vivos=[]
03:09:02 | mbdiag: buscaba "Diego"/"5491132317896" vivos=[]
03:08:57 | mbdiag: buscaba "Diego"/"5491132317896" vivos=[]
LISTO

# exit=0
