# ejecutado: 2026-08-15T03:18:01-03:00
# host: ubuntu-4gb-nbg1-2
# instancia: maria-paez
# script:
#   #!/bin/bash
#   node <<'NODE'
#   const db = require('/root/secretaria/node_modules/better-sqlite3')(process.env.MARIA_DB, { readonly: true });
#   console.log('══ CONVERSACIÓN CON MANUEL ══');
#   const entr = db.prepare(`SELECT timestamp AS ts, cuerpo AS txt FROM eventos WHERE canal='whatsapp' AND direccion='entrante' AND de LIKE '%55771290%'`).all().map(r => ({ ...r, quien: 'MANUEL' }));
#   const sal = db.prepare(`SELECT creado AS ts, texto AS txt, estado FROM wa_outbox WHERE numero LIKE '%55771290%'`).all().map(r => ({ ...r, quien: 'MARIA(' + r.estado + ')' }));
#   [...entr, ...sal].sort((a, b) => String(a.ts).localeCompare(String(b.ts)))
#     .forEach(m => console.log(`[${String(m.ts).slice(5, 16)}] ${m.quien}: ${String(m.txt).replace(/\n/g, ' ')}\n`));
#   console.log('══ ÚLTIMAS FILAS DEL OUTBOX (estado de las pruebas) ══');
#   db.prepare(`SELECT id, creado, tomado_en, estado, intentos, numero, substr(texto,1,45) t FROM wa_outbox WHERE id >= 24 ORDER BY id`).all()
#     .forEach(r => console.log(r.id, r.creado, '→ tomado:', r.tomado_en || '-', r.estado, 'int:' + r.intentos, '|', r.numero, '|', String(r.t).replace(/\n/g, ' ')));
#   db.close();
#   NODE
#   echo LISTO

# ───── output ─────
══ CONVERSACIÓN CON MANUEL ══
[08-14 20:10] MARIA(entregado): Hola Manuel, soy Maria, la secretaria de Diego Paez. Te escribo para coordinar una reunión de 3 horas entre vos, Diego y Hernán Fulco.  Estas son las ventanas que tiene libres Diego: - Jueves 20/08 de 13 a 16hs - Viernes 21/08, con bastante flexibilidad entre las 9 y las 16hs - Lunes 24/08, en principio libre todo el día  ¿Cuál te queda mejor? Después coordino con Hernán y confirmamos día, horario y modalidad.

[08-14 22:00] MANUEL: Hola Maria, como estas?

[08-14 22:01] MARIA(entregado): Todo bien Manuel, gracias! Te escribía por lo de la reunión con Diego y Hernán Fulco. ¿Cuál de estas opciones te viene mejor? 📅 Jueves 20/08 de 13 a 16hs, Viernes 21/08 (flexible entre 9 y 16hs), o Lunes 24/08 (libre todo el día).

[08-14 22:01] MANUEL: Jueves 20 de 13:00 a 16:00

[08-14 22:02] MANUEL: Viernes no puedo.

[08-15 06:10] MARIA(entregado): Todo bien Manuel, gracias! Te escribía por lo de la reunión con Diego y Hernán Fulco. ¿Cuál de estas opciones te viene mejor? 📅 Jueves 20/08 de 13 a 16hs, Viernes 21/08 (flexible entre 9 y 16hs), o Lunes 24/08 (libre todo el día).

══ ÚLTIMAS FILAS DEL OUTBOX (estado de las pruebas) ══
24 2026-08-15 05:57:09 → tomado: 2026-08-15 05:58:00 entregado int:1 | 541132317896 | ✅ Prueba de canal de salida (Tasker) — 02:57.
25 2026-08-15 06:10:09 → tomado: 2026-08-15 06:12:00 entregado int:1 | 541132317896 | ✅ Prueba C (post-fix del 9) — 03:10. Si te ll
26 2026-08-15 06:10:09 → tomado: 2026-08-15 06:14:00 entregado int:1 | 541155771290 | Todo bien Manuel, gracias! Te escribía por lo
LISTO

# exit=0
