# ejecutado: 2026-08-23T01:26:02-03:00
# host: ubuntu-4gb-nbg1-2
# instancia: maria-paez
# script:
#   #!/bin/bash
#   cd /root/secretaria
#   enc() { timeout 15 node -e "console.log(require('/root/secretaria/mb-control').encolar('$1'${2:+,$2}))" >/dev/null; }
#   echo "── despierto, abro la app y toco Buscar actualización ──"
#   enc despertar; sleep 12
#   enc home; sleep 12
#   enc tap '{x:446,y:816}'; sleep 15
#   enc tap '{x:360,y:883}'
#   echo "esperando el auto-instalador (v4.4 tiene el plan B geométrico)…"
#   sleep 90
#   timeout 15 node -e "console.log(require('/root/secretaria/mb-control').encolar('ping'))" >/dev/null
#   sleep 25
#   timeout 20 node -e "const db=require('/root/secretaria/node_modules/better-sqlite3')(process.env.MARIA_DB,{readonly:true});db.prepare('SELECT id,cmd,estado,substr(resultado,1,90) r FROM mb_control ORDER BY id DESC LIMIT 6').all().reverse().forEach(x=>console.log(' #'+x.id,x.cmd,'['+x.estado+']',x.r||''));db.close();"
#   echo "── logs del updater ──"
#   timeout 15 grep "\[MB" /root/.pm2/logs/maria-paez-out.log | tail -14
#   echo LISTO

# ───── output ─────
── despierto, abro la app y toco Buscar actualización ──
esperando el auto-instalador (v4.4 tiene el plan B geométrico)…
 #30 despertar [ok] pantalla despertada
 #31 despertar [ok] pantalla despertada
 #32 home [ok] home
 #33 tap [ok] tap 446,816 ✓
 #34 tap [ok] tap 360,883 ✓
 #35 ping [ok] pong v4.4
── logs del updater ──
2026-08-23 01:26:37: [MB v4.4] 01:26:35 I [ctl] #32 → OK home
2026-08-23 01:26:38: [MB-CTL] #33 → OK: tap 446,816 ✓
2026-08-23 01:26:43: [MB-CTL] #34 → OK: tap 360,883 ✓
2026-08-23 01:26:47: [MB v4.4] 01:26:40 I [ctl] comando #33: tap {"x":446,"y":816}
2026-08-23 01:26:47: [MB v4.4] 01:26:40 I [ctl] #33 → OK tap 446,816 ✓
2026-08-23 01:26:47: [MB v4.4] 01:26:45 I [ctl] comando #34: tap {"x":360,"y":883}
2026-08-23 01:26:47: [MB v4.4] 01:26:45 I [ctl] #34 → OK tap 360,883 ✓
2026-08-23 01:26:47: [MB v4.4] 01:26:46 I [upd] versión nueva v4.5 (code 30 > 29) — descargando
2026-08-23 01:26:57: [MB v4.4] 01:26:55 I [upd] descargado 3148KB — ofreciendo instalar
2026-08-23 01:26:57: [MB v4.4] 01:26:55 I [upd] instalador visible — ventana=true clickables=Back[ImageView],Overview[ImageView],Home[ImageView]
2026-08-23 01:26:57: [MB v4.4] 01:26:55 I [upd] 0-tap plan B: 'Update' no está en el árbol — toco el espejo de Cancel en 507,932 (intento 1/3)
2026-08-23 01:28:13: [MB-CTL] #35 → OK: pong v4.4
2026-08-23 01:28:17: [MB v4.4] 01:28:15 I [ctl] comando #35: ping {}
2026-08-23 01:28:17: [MB v4.4] 01:28:15 I [ctl] #35 → OK pong v4.4
LISTO

# exit=0
