# ejecutado: 2026-08-15T22:55:22-03:00
# host: ubuntu-4gb-nbg1-2
# instancia: maria-paez
# script:
#   #!/bin/bash
#   cd /root/secretaria
#   SECRET=<REDACTED> -E '^ASISTENTE_INTERNAL_SECRET=' config/secrets.conf | cut -d= -f2- | tr -d '"')
#   PORT=$(grep -E '^ASISTENTE_INTERNAL_PORT=' config/instances/maria-paez.conf | cut -d= -f2- | tr -d '"')
#   # encolar por el outbox (a Diego). MariaBridge lo va a leer y responder silencioso.
#   curl -s -m 40 -X POST "http://127.0.0.1:$PORT/accion" -H "x-intensa-secret: $SECRET" -H 'Content-Type: application/json' \
#     -d "{\"usuarioId\":1,\"accion\":{\"tipo\":\"enviar_wa\",\"a\":\"541132317896@c.us\",\"texto\":\"🌉 Prueba MariaBridge — si esto te llegó SIN que la pantalla se prendiera ni se abriera WhatsApp, la respuesta silenciosa funciona y jubilamos el Tasker para siempre.\"},\"canalOrigen\":\"whatsapp\"}" \
#     | python3 -c "import json,sys; d=json.load(sys.stdin); print('encolado:', d.get('ok'))"
#   echo LISTO

# ───── output ─────
Traceback (most recent call last):
  File "<string>", line 1, in <module>
  File "/usr/lib/python3.12/json/__init__.py", line 293, in load
    return loads(fp.read(),
           ^^^^^^^^^^^^^^^^
  File "/usr/lib/python3.12/json/__init__.py", line 346, in loads
    return _default_decoder.decode(s)
           ^^^^^^^^^^^^^^^^^^^^^^^^^^
  File "/usr/lib/python3.12/json/decoder.py", line 337, in decode
    obj, end = self.raw_decode(s, idx=_w(s, 0).end())
               ^^^^^^^^^^^^^^^^^^^^^^^^^^^^^^^^^^^^^^
  File "/usr/lib/python3.12/json/decoder.py", line 355, in raw_decode
    raise JSONDecodeError("Expecting value", s, err.value) from None
json.decoder.JSONDecodeError: Expecting value: line 1 column 1 (char 0)
LISTO

# exit=0
