# ejecutado: 2026-08-14T13:05:02-03:00
# host: ubuntu-4gb-nbg1-2
# instancia: maria-paez
# script:
#   #!/bin/bash
#   cd /root/secretaria && set -a; . config/instances/maria-paez.conf 2>/dev/null; . config/secrets.conf 2>/dev/null; set +a
#   node -e "
#   const ob = require('/root/secretaria/wa-outbox');
#   const usuarios = require('/root/secretaria/usuarios');
#   const owner = usuarios.obtenerOwner();
#   const num = (owner.wa_cus || '').replace(/[^0-9]/g, '');
#   console.log('encolado id=' + ob.encolar({ usuarioId: owner.id, numero: num, texto: 'Prueba autonoma: nadie toco el telefono. Si esto llega, Maria ya puede iniciar conversaciones por WhatsApp sola.' }));
#   "
#   echo "== esperando 90s a que el telefono lo levante solo =="
#   sleep 90
#   DB="${MARIA_DB:?}"
#   sqlite3 "$DB" "SELECT id, estado, intentos, COALESCE(entregado,'-') FROM wa_outbox ORDER BY id DESC LIMIT 2;"

# ───── output ─────
[wa-outbox] #11 encolado → +541132317896 (Prueba autonoma: nadie toco el telefono.…)
encolado id=11
== esperando 90s a que el telefono lo levante solo ==
11|pendiente|0|-
10|entregado|1|2026-08-14 16:01:03

# exit=0
