# ejecutado: 2026-08-14T13:21:01-03:00
# host: ubuntu-4gb-nbg1-2
# instancia: maria-paez
# script:
#   #!/bin/bash
#   cd /root/secretaria && set -a; . config/instances/maria-paez.conf 2>/dev/null; . config/secrets.conf 2>/dev/null; set +a
#   DB="${MARIA_DB:?}"
#   sqlite3 "$DB" "UPDATE wa_outbox SET estado='vencido' WHERE estado='pendiente';"
#   node -e "
#   const ob = require('/root/secretaria/wa-outbox');
#   const usuarios = require('/root/secretaria/usuarios');
#   const owner = usuarios.obtenerOwner();
#   const num = (owner.wa_cus || '').replace(/[^0-9]/g, '');
#   console.log('encolado: ' + ob.encolar({ usuarioId: owner.id, numero: num, texto: 'Prueba autonoma 2: si esto llega sin que toques nada, el canal quedo 100% listo.' }));
#   "
#   sleep 180
#   sqlite3 "$DB" "SELECT id, estado, intentos, COALESCE(entregado,'-') FROM wa_outbox ORDER BY id DESC LIMIT 2;"

# ───── output ─────
[wa-outbox] #12 encolado → +541132317896 (Prueba autonoma 2: si esto llega sin que…)
encolado: 12
12|entregado|1|2026-08-14 16:22:04
11|entregado|1|2026-08-14 16:19:28

# exit=0
