# ejecutado: 2026-09-15T14:40:02-03:00
# host: ubuntu-4gb-nbg1-2
# instancia: maria-paez
# script:
#   #!/bin/bash
#   cd /root/secretaria
#   timeout 120 pm2 reload ecosystem.config.js --update-env >/dev/null 2>&1 && echo "reload OK"
#   sleep 20
#   DB=/root/secretaria/state/maria-paez/db/maria.sqlite
#   sqlite3 "$DB" "update wa_outbox set estado='pendiente', intentos=0, tomado_en=NULL, entregado=NULL, no_antes=datetime('now','+30 seconds'), metadata_json=json_set(coalesce(metadata_json,'{}'),'$.cold_fallos',0,'$.no_verificado',0,'$.reintento_operador','popup operadora 15/9') where id=271"
#   sqlite3 "$DB" "select id,estado,intentos,no_antes,substr(metadata_json,1,120) from wa_outbox where id=271"
#   echo "── espero el envío (hasta 4 min) ──"
#   for i in $(seq 1 24); do sleep 10; grep -qE "\[frio\] verificación #271: (ENVIADO|TRABADO|sin veredicto)|#271.*(entregado|vencido|no verificado)" logs/maria-paez/out.log && break; done
#   grep -hE "#271|MB-VERIF|MB-FALLO|diálogo ajeno" logs/maria-paez/out.log | grep "^2026-09-15 1[4-9]" | tail -14 | cut -c1-200
#   sqlite3 "$DB" "select id,estado,intentos,datetime(entregado,'-3 hours') from wa_outbox where id=271"
#   echo LISTO

# ───── output ─────
reload OK
271|pendiente|0|2026-09-15 17:40:53|{"destinoOriginal":"5491136944357@c.us","canalOrigen":"telegram","verif_foto":{"veredicto":"otro","motivo":"Diálogo moda
── espero el envío (hasta 4 min) ──
271|pendiente|0|
LISTO

# exit=0
