# ejecutado: 2026-08-28T17:09:02-03:00
# host: ubuntu-4gb-nbg1-2
# instancia: maria-paez
# script:
#   #!/bin/bash
#   cd /root/secretaria
#   timeout 90 node -e "
#   (async()=>{
#     const mem=require('/root/secretaria/memory');
#     const usuarios=require('/root/secretaria/usuarios');
#     const waSend=require('/root/secretaria/wa-send');
#     const fulco=usuarios.listarActivos().find(u=>u.nombre==='Hernan Fulco');
#     const owner=usuarios.obtenerOwner();
#   
#     // 1) a Fulco, por su canal (email): Maria retoma y se hace cargo
#     const r1=await waSend.enviarWAUsuario(null, fulco,
#   'Hola Hernán! Te retomo lo de la entrevista a Dimitrije. Vi que mandaste la cita para el miércoles 2/9 a las 10 — me hago cargo de cerrarla: le escribo ahora a Rubén por WhatsApp para confirmar que le quede bien ese horario (o proponerle alternativa) y te confirmo. Perdón por la demora de estos días, quedó de mi lado.\n\nMaria',
#       { tag:'retoma-dimitrije/fulco', metadata:{tipo:'gestion_retomada'} });
#     console.log('Fulco →', r1 && r1.canal);
#   
#     // 2) a Diego, por Telegram: aviso + pedido del contacto de Rubén
#     const r2=await waSend.enviarWAUsuario(null, owner,
#   'Retomé la gestión de la entrevista a Dimitrije: le avisé a Hernán que me hago cargo y voy a confirmar con Rubén por WhatsApp el miércoles 2/9 a las 10hs (ya está en tu calendario) o buscarle alternativa.\n\nPara escribirle me falta el número de Rubén Ward — ¿me compartís su contacto (la tarjeta) por acá? Apenas lo tenga le escribo.',
#       { tag:'retoma-dimitrije/diego', metadata:{tipo:'gestion_retomada'} });
#     console.log('Diego →', r2 && r2.canal);
#   
#     // 3) actualizar el hecho: de 'no gestionar más' a 'Maria retoma'
#     mem.db.prepare(\"UPDATE hechos SET valor=?, creado=datetime('now') WHERE usuario_id=? AND clave='entrevista_dimitrije_resuelta'\").run(
#   'RETOMADA por pedido de Diego (28/8): Maria se hace cargo de CERRAR la entrevista a Dimitrije Krunic. La cita ya existe en el calendario de Diego (mié 2/9 10-11hs, la armó Hernán). Falta: cuando Diego comparta el contacto de Ruben Ward, escribirle por WHATSAPP confirmando si el mié 2/9 10hs le queda bien o proponerle jueves 3/9 a las 14hs como alternativa (Diego libre). Después confirmar a Hernán y a Diego.', fulco.id);
#     console.log('hecho actualizado');
#   
#     // 4) pendiente para que no se pierda
#     const pid=mem.agregarPendiente(fulco.id,
#       'Cerrar entrevista Dimitrije: esperando que Diego pase el contacto de Ruben Ward para confirmarle por WhatsApp el mié 2/9 10hs (alt: jue 3/9 14hs)',
#       { dueno:'maria', disparador:'manual' });
#     console.log('pendiente', pid);
#     mem.log({usuarioId:fulco.id,canal:'sistema',direccion:'interno',cuerpo:'Gestión Dimitrije RETOMADA por pedido de Diego: avisos a Fulco (email) y Diego (TG) enviados; esperando contacto de Ward para el WA.',metadata:{tipo:'gestion_retomada'}});
#   })().catch(e=>console.log('ERR',e.message));" 2>&1 | grep -v Warning
#   echo LISTO

# ───── output ─────
[wa-send] retoma-dimitrije/fulco: entregado por EMAIL (politica_v4_usuarios_sin_wa) a Hernan Fulco
Fulco → gmail
[wa-send] retoma-dimitrije/diego: entregado por TELEGRAM (politica_v4_usuarios_sin_wa) a Diego
Diego → telegram
hecho actualizado
pendiente 310
LISTO

# exit=0
