# ejecutado: 2026-08-19T09:07:02-03:00
# host: ubuntu-4gb-nbg1-2
# instancia: maria-paez
# script:
#   #!/bin/bash
#   cat > /tmp/rp.cjs <<'JS'
#   const db=require("/root/secretaria/node_modules/better-sqlite3")(process.env.MARIA_DB,{readonly:true});
#   const q=(s,...a)=>db.prepare(s).all(...a);
#   console.log("═══ 1. VINCULACIONES TG (conversión de la campaña) ═══");
#   console.log("vinculados:", db.prepare("SELECT COUNT(*) n FROM usuarios WHERE telegram_chat_id IS NOT NULL").get().n,
#               "/ activos:", db.prepare("SELECT COUNT(*) n FROM usuarios WHERE activo=1").get().n);
#   q("SELECT nombre FROM usuarios WHERE telegram_chat_id IS NOT NULL").forEach(x=>console.log("  ✓",x.nombre));
#   console.log("═══ 2. TRÁFICO últimas 24h por canal/dirección ═══");
#   q(`SELECT canal,direccion,COUNT(*) n FROM eventos WHERE timestamp>=datetime('now','-24 hours') AND canal IN ('whatsapp','telegram','gmail') GROUP BY canal,direccion ORDER BY canal`)
#    .forEach(x=>console.log(" ",x.canal,x.direccion+":",x.n));
#   console.log("═══ 3. WA saliente (debe ser 0 desde el apagado) ═══");
#   q(`SELECT timestamp,substr(cuerpo,1,45) c FROM eventos WHERE canal='whatsapp' AND direccion='saliente' AND timestamp>='2026-08-18 21:00' ORDER BY id`)
#    .forEach(x=>console.log("  ⚠️",x.timestamp.slice(5,16),String(x.c).replace(/\n/g," ")));
#   console.log("═══ 4. outbox/programados vivos ═══");
#   console.log("  outbox pendiente:", db.prepare("SELECT COUNT(*) n FROM wa_outbox WHERE estado='pendiente'").get().n);
#   q(`SELECT id,cuando,enviado,razon FROM programados WHERE enviado IN (0,-2) AND cuando<=datetime('now','+48 hours') ORDER BY cuando LIMIT 12`)
#    .forEach(x=>console.log("  prog#"+x.id,x.cuando.slice(5,16),"env:"+x.enviado,x.razon||""));
#   console.log("═══ 5. gestiones abiertas ═══");
#   q(`SELECT id,usuario_id,substr("desc",1,70) d FROM pendientes WHERE estado='abierto' ORDER BY id DESC LIMIT 10`)
#    .forEach(x=>console.log("  #"+x.id,"u"+x.usuario_id,String(x.d).replace(/\n/g," ")));
#   console.log("═══ 6. errores/fallas 24h ═══");
#   q(`SELECT substr(cuerpo,1,90) c,COUNT(*) n FROM eventos WHERE canal='sistema' AND timestamp>=datetime('now','-24 hours') AND (cuerpo LIKE '%FALL%' OR cuerpo LIKE '%error%' OR cuerpo LIKE '%no pude%') GROUP BY substr(cuerpo,1,40) ORDER BY n DESC LIMIT 8`)
#    .forEach(x=>console.log(" ",x.n+"x",String(x.c).replace(/\n/g," ")));
#   db.close();
#   JS
#   node /tmp/rp.cjs; rm -f /tmp/rp.cjs
#   echo "═══ 7. salud del sistema ═══"
#   pm2 jlist 2>/dev/null | python3 -c "
#   import json,sys,time
#   for p in json.load(sys.stdin):
#       e=p['pm2_env']; print(' ',p['name'],e.get('status'),'restarts:',e.get('restart_time'),'uptime_h:',round((time.time()*1000-e.get('pm_uptime',0))/3600000,1),'mem:',round(p['monit']['memory']/1048576),'MB')"
#   df -h / | tail -1 | awk '{print "  disco:",$5,"usado ("$4" libre)"}'
#   free -h | awk 'NR==2{print "  RAM:",$3"/"$2}'
#   echo "═══ 8. MariaBridge (últimos logs) ═══"
#   grep "\[MB " ~/.pm2/logs/maria-paez-out.log | tail -8
#   echo "═══ 9. backups + canary ═══"
#   ls -la /root/secretaria/state/.canary-bad-commit 2>/dev/null && echo "  ⚠️ CANARY BLOQUEADO" || echo "  canary limpio"
#   git -C /root/secretaria log origin/backups -1 --format="  último backup: %cr" 2>/dev/null || echo "  (sin info de backups)"
#   echo LISTO

# ───── output ─────
═══ 1. VINCULACIONES TG (conversión de la campaña) ═══
vinculados: 1 / activos: 16
  ✓ Diego
═══ 2. TRÁFICO últimas 24h por canal/dirección ═══
  gmail saliente: 32
  telegram entrante: 8
  telegram saliente: 9
  whatsapp saliente: 30
═══ 3. WA saliente (debe ser 0 desde el apagado) ═══
═══ 4. outbox/programados vivos ═══
  outbox pendiente: 0
  prog#1368 08-18T15:15 env:-2 pausado-emergencia-18-8
  prog#1369 08-18T16:00 env:-2 pausado-emergencia-18-8
  prog#1370 08-18T16:45 env:-2 pausado-emergencia-18-8
  prog#1371 08-18T17:30 env:-2 pausado-emergencia-18-8
  prog#1372 08-18T18:15 env:-2 pausado-emergencia-18-8
  prog#1373 08-18T19:00 env:-2 pausado-emergencia-18-8
  prog#1374 08-18T19:45 env:-2 pausado-emergencia-18-8
  prog#1411 08-19T12:15 env:0 meeting_prep:2:43gm6sd3ams19hajjoqtm7tvtj_20260819T123000Z
  prog#1412 08-19T12:45 env:0 meeting_prep:2:5qdrdfea3an0mspl5v85i9sigu
  prog#1413 08-19T12:45 env:0 meeting_prep:13:epbi7eb0vr2nhjdnasjophf4k4
  prog#1414 08-19T13:45 env:0 meeting_prep:2:3r0jlpct674vg8slchv6ap6np7_20260819T140000Z
  prog#1415 08-19T13:45 env:0 meeting_prep:18:1o2djmlnhm0k8m8tsaqcogt9a4
═══ 5. gestiones abiertas ═══
  #270 u1 dividendos
  #269 u1 choque y Julián
  #268 u1 transferencia honda x3
  #267 u1 tk iplan Wally
  #266 u1 Pasajes a Japón (fechas: 1, 14, 17 de abril)
  #265 u1 Esperando que Gabriel Pacheco confirme la cena del 2/9 en Catalino (co
  #264 u1 Esperando respuesta de 5491140402319@c.us (WA): "Hola Gabriel! Soy Mar
  #262 u1 Esperando que Manuel Carrasco confirme lunes 24/08 15-18hs para la reu
  #239 u18 Esperar que Caterina (Paraná Muebles Logística) confirme la fecha corr
  #237 u6 confirmarle a Doris la reserva en Coronado (MALBA) para 2 personas el 
═══ 6. errores/fallas 24h ═══
  60x wa-outbox: entrega FALLIDA definitiva #176 a 541132317896 (timeout_sin_boton) — aviso al o
  15x wa-outbox: entrega FALLIDA definitiva #229 a 5491140402319 (timeout_sin_boton) — aviso al 
═══ 7. salud del sistema ═══
  intensa-api online restarts: 4 uptime_h: 57.8 mem: 78 MB
  maria-paez online restarts: 305 uptime_h: 6.9 mem: 200 MB
  disco: 47% usado (20G libre)
  RAM: 929Mi/3.7Gi
═══ 8. MariaBridge (últimos logs) ═══
2026-08-19 02:35:58: [MB v3.6] 02:35:54 I [upd] instalador visible — ventana=true clickables=Cancel[Button]
2026-08-19 02:35:58: [MB v3.6] 02:35:54 I [upd] instalador visible — ventana=true clickables=Cancel[Button]
2026-08-19 02:35:58: [MB v3.6] 02:35:54 I [upd] instalador visible — ventana=true clickables=Cancel[Button]
2026-08-19 02:36:32: [MB v3.7] 02:36:21 I [notif] listener conectado
2026-08-19 02:36:32: [MB v3.7] 02:36:22 I [frio] accesibilidad conectada
2026-08-19 02:36:51: [MB v3.7] 02:36:43 I [svc] OutboxService arrancó (loop nuevo)
2026-08-19 02:37:20: [MB v3.7] 02:37:14 I [upd] al día (v3.7 code=22, mío=22)
2026-08-19 08:37:24: [MB v3.7] 08:37:19 I [upd] al día (v3.7 code=22, mío=22)
═══ 9. backups + canary ═══
  canary limpio
  último backup: 2 months ago
LISTO

# exit=0
