# ejecutado: 2026-09-03T18:31:02-03:00
# host: ubuntu-4gb-nbg1-2
# instancia: maria-paez
# script:
#   #!/bin/bash
#   DB=/root/secretaria/state/sofia-bruscoli/db/maria.sqlite
#   sqlite3 -header "$DB" "select id,numero,estado,intentos,no_antes,enviado_en,error from wa_outbox" 2>&1 | head
#   grep -E "\[MB|wa-outbox|outbox" /root/.pm2/logs/sofia-bruscoli-out.log | tail -8
#   echo LISTO

# ───── output ─────
Error: in prepare, no such column: enviado_en
  select id,numero,estado,intentos,no_antes,enviado_en,error from wa_outbox
                              error here ---^
2026-09-03 18:09:53: [MB v4.5] 18:09:52 I [notif] barrido (periodico): primera corrida, marca inicial fijada
2026-09-03 18:12:53: [MB v4.5] 18:12:52 I [notif] barrido (periodico): primera corrida, marca inicial fijada
2026-09-03 18:15:53: [MB v4.5] 18:15:52 I [notif] barrido (periodico): primera corrida, marca inicial fijada
2026-09-03 18:18:53: [MB v4.5] 18:18:52 I [notif] barrido (periodico): primera corrida, marca inicial fijada
2026-09-03 18:21:53: [MB v4.5] 18:21:52 I [notif] barrido (periodico): primera corrida, marca inicial fijada
2026-09-03 18:24:53: [MB v4.5] 18:24:52 I [notif] barrido (periodico): primera corrida, marca inicial fijada
2026-09-03 18:27:53: [MB v4.5] 18:27:52 I [notif] barrido (periodico): primera corrida, marca inicial fijada
2026-09-03 18:30:53: [MB v4.5] 18:30:52 I [notif] barrido (periodico): primera corrida, marca inicial fijada
LISTO

# exit=0
