# ejecutado: 2026-09-03T18:50:24-03:00
# host: ubuntu-4gb-nbg1-2
# instancia: maria-paez
# script:
#   #!/bin/bash
#   cd /root/secretaria
#   set -a; . config/instances/sofia-bruscoli.conf; . config/secrets.conf 2>/dev/null; set +a
#   echo "── Diego como contacto de Noelia en la libreta de Sofia ──"
#   timeout 60 node -e '
#   const mem = require("./memory");
#   const gc = require("./google-contacts");
#   (async () => {
#     const c = mem.upsertContacto({ usuarioId: 2, nombre: "Diego Paez", whatsapp: "541132317896", email: "diego@paez.is", notas: "Socio / referente técnico de Sofia", visibilidad: "privada" });
#     console.log("  libreta:", JSON.stringify({ id: c.id, nombre: c.nombre, whatsapp: c.whatsapp, email: c.email }));
#     const r = await gc.sincronizarContacto(c, { dueno: "Noelia Bruscoli" });
#     console.log("  Google Contacts:", JSON.stringify(r));
#   })().catch(e => console.log("  ERROR:", e.message));
#   '
#   echo "── espero el arranque con el código nuevo ──"
#   sleep 75
#   grep -h "gcontacts" /root/.pm2/logs/sofia-bruscoli-out.log /root/.pm2/logs/maria-paez-out.log | tail -8 | cut -c1-160
#   echo "── mapping en sofia ──"
#   sqlite3 /root/secretaria/state/sofia-bruscoli/db/maria.sqlite "select contacto_id,resource_name,actualizado from gcontacts_sync"
#   echo LISTO

# ───── output ─────
── Diego como contacto de Noelia en la libreta de Sofia ──
  libreta: {"id":1,"nombre":"Diego Paez","whatsapp":"541132317896","email":"diego@paez.is"}
  Google Contacts: {"creado":true}
── espero el arranque con el código nuevo ──
2026-08-06 10:09:00: [gcontacts] "Ulises" creado en Google Contacts
2026-08-12 10:23:35: [gcontacts] "Manuel Carrasco" creado en Google Contacts
2026-08-14 17:02:35: [gcontacts] "Manuel Carrasco" actualizado en Google Contacts
2026-08-22 08:38:34: [gcontacts] "Catalino restaurante" creado en Google Contacts
2026-08-25 19:57:25: [gcontacts] "Luciano Peroni" creado en Google Contacts
2026-08-25 19:57:46: [gcontacts] "Noelia Bruscoli" creado en Google Contacts
2026-09-01 09:31:27: [gcontacts] "La Caja Seguros" creado en Google Contacts
2026-09-03 18:50:52: [gcontacts] arranque: 16 usuarios sincronizados a Google Contacts
── mapping en sofia ──
-2|people/c6060920233285812112|2026-09-03 21:50:48
1|people/c5865560102490612787|2026-09-03 21:50:32
LISTO

# exit=0
