# ejecutado: 2026-09-03T18:30:02-03:00
# host: ubuntu-4gb-nbg1-2
# instancia: maria-paez
# script:
#   #!/bin/bash
#   cd /root/secretaria
#   CF=config/instances/sofia-bruscoli.conf
#   echo "── flags WA en el .conf ──"; grep -E '^WA_(WARMUP|SALIENTE_OFF|VENTANA)' "$CF" || echo "  (ninguno)"
#   echo "── ¿el teléfono de Sofia habla con el hook? ──"
#   grep -E "\[MB|latido|mbdiag|ping" /root/.pm2/logs/sofia-bruscoli-out.log | tail -5
#   LAT=$(grep -cE "\[MB" /root/.pm2/logs/sofia-bruscoli-out.log)
#   echo "  líneas [MB en el log: $LAT"
#   if [ "$LAT" = "0" ]; then echo "  ⛔ el bridge nunca se conectó — NO encolo"; echo LISTO; exit 0; fi
#   echo "── WA activo: saco WA_WARMUP ──"
#   sed -i '/^WA_WARMUP=/d' "$CF"
#   timeout 90 pm2 reload ecosystem.config.js --only sofia-bruscoli --update-env >/dev/null 2>&1 && echo "  reload OK"
#   sleep 8
#   echo "── encolo el WA a Noelia (excepción puntual a la política, pedido de Diego) ──"
#   set -a; . "$CF"; . config/secrets.conf 2>/dev/null; set +a
#   timeout 30 node -e '
#   const ob = require("./wa-outbox");
#   const id = ob.encolar({ usuarioId: 2, numero: "5491155947242", texto: "Hola Noelia, soy Sofia. Solo para que lo tengas: este es mi WhatsApp, lo uso para coordinar con terceros (reuniones, confirmaciones, etc.). A mí escribime por Telegram: https://t.me/SofiaBruscoliAI_bot — o por mail si preferís. ¡Nos hablamos!", metadata: { origen: "bienvenida_wa", excepcion_politica: true } });
#   console.log("  wa_outbox #" + id);
#   '
#   echo LISTO

# ───── output ─────
── flags WA en el .conf ──
  (ninguno)
── ¿el teléfono de Sofia habla con el hook? ──
2026-09-03 18:21:53: [MB v4.5] 18:21:52 I [notif] barrido (periodico): primera corrida, marca inicial fijada
2026-09-03 18:22:05: [follow-ups] activo, cada 5min (re-ping automático a terceros: ON)
2026-09-03 18:24:53: [MB v4.5] 18:24:52 I [notif] barrido (periodico): primera corrida, marca inicial fijada
2026-09-03 18:25:07: [follow-ups] activo, cada 5min (re-ping automático a terceros: ON)
2026-09-03 18:27:53: [MB v4.5] 18:27:52 I [notif] barrido (periodico): primera corrida, marca inicial fijada
  líneas [MB en el log: 18
── WA activo: saco WA_WARMUP ──
  reload OK
── encolo el WA a Noelia (excepción puntual a la política, pedido de Diego) ──
[wa-outbox] #1 encolado → +5491155947242 (Hola Noelia, soy Sofia. Solo para que lo…)
  wa_outbox #1
LISTO

# exit=0
