# ejecutado: 2026-08-22T18:16:02-03:00
# host: ubuntu-4gb-nbg1-2
# instancia: maria-paez
# script:
#   #!/bin/bash
#   cd /root/secretaria
#   timeout 30 python3 - <<'PY'
#   import sqlite3,os,json
#   db=sqlite3.connect(os.environ['MARIA_DB']); db.row_factory=sqlite3.Row
#   print("── turnos de HOY por Telegram, con tokens ──")
#   q="""SELECT timestamp,
#           json_extract(metadata_json,'$.tokens_in')       tin,
#           json_extract(metadata_json,'$.tokens_out')      tout,
#           json_extract(metadata_json,'$.cache_read')      cr,
#           json_extract(metadata_json,'$.cache_creation')  cc,
#           json_extract(metadata_json,'$.canal')           canal,
#           json_extract(metadata_json,'$.sesion')          ses,
#           json_extract(metadata_json,'$.cost_usd')        cost
#        FROM eventos
#        WHERE timestamp >= datetime('now','-6 hours')
#          AND json_extract(metadata_json,'$.tokens_in') IS NOT NULL
#        ORDER BY timestamp"""
#   rs=db.execute(q).fetchall()
#   print(f"{'hora':<20}{'canal':<10}{'sesion':<9}{'in':>8}{'out':>7}{'cacheR':>9}{'cacheW':>9}{'usd':>9}")
#   tot=0
#   for r in rs:
#       print(f"{r['timestamp']:<20}{str(r['canal'] or '-'):<10}{str(r['ses'] or '-'):<9}"
#             f"{str(r['tin'] or 0):>8}{str(r['tout'] or 0):>7}{str(r['cr'] or 0):>9}{str(r['cc'] or 0):>9}"
#             f"{(('%.4f'%r['cost']) if r['cost'] else '-'):>9}")
#       tot += (r['cost'] or 0)
#   print(f"\ntotal de esos turnos: US$ {tot:.4f}")
#   print("\n── comparación: turnos por Telegram de AYER (sin sesiones) ──")
#   q2="""SELECT AVG(json_extract(metadata_json,'$.tokens_in')) a,
#                COUNT(*) n
#         FROM eventos
#         WHERE timestamp >= datetime('now','-4 days') AND timestamp < datetime('now','-8 hours')
#           AND json_extract(metadata_json,'$.tokens_in') IS NOT NULL
#           AND json_extract(metadata_json,'$.canal') = 'telegram'"""
#   r=db.execute(q2).fetchone()
#   print(f"  promedio tokens_in por turno TG (últimos días, sin sesión): {round(r['a'] or 0)}  (n={r['n']})")
#   db.close()
#   PY
#   echo LISTO

# ───── output ─────
── turnos de HOY por Telegram, con tokens ──
hora                canal     sesion         in    out   cacheR   cacheW      usd
2026-08-22 16:36:14 telegram  off             4    369        0   108741   0.4238
2026-08-22 16:41:11 moderacion-              10    506        0    22662   0.0315
2026-08-22 16:41:30 moderacion-              10    294    17396     5308   0.0106
2026-08-22 16:41:47 moderacion-              10    263    17396     5308   0.0104
2026-08-22 16:42:06 moderacion-              10    348    17396     5306   0.0108
2026-08-22 16:42:25 moderacion-              10    448    17396     5308   0.0113
2026-08-22 16:42:49 moderacion-              10    337    17396     5306   0.0108
2026-08-22 16:43:10 moderacion-              10    473    17396     5306   0.0114
2026-08-22 16:43:29 moderacion-              10    430    17396     5308   0.0112
2026-08-22 16:43:49 moderacion-              10    427    17396     5306   0.0112
2026-08-22 16:44:09 moderacion-              10    454    17396     5308   0.0114
2026-08-22 16:44:29 moderacion-              10    402    22702        0   0.0050
2026-08-22 16:44:47 moderacion-              10    295    17396     5308   0.0106
2026-08-22 16:45:06 moderacion-              10    412    17396     5308   0.0111
2026-08-22 16:45:25 moderacion-              10    396    17396     5308   0.0111
2026-08-22 16:45:44 moderacion-              10    318    17396     5306   0.0107
2026-08-22 21:02:57 telegram  nueva           2   1029        0    52587   0.2218
2026-08-22 21:04:04 telegram  resume          8    888    65977    66861   0.2839
2026-08-22 21:09:11 telegram  resume          4    868    72520     5010   0.0536
2026-08-22 21:09:28 telegram  resume          6    805   129223     7643   0.0795
2026-08-22 21:09:44 telegram  resume          2    316    46495     4877   0.0370
2026-08-22 21:11:14 telegram  resume         12   3275   346341    10296   0.1917

total de esos turnos: US$ 1.4704

── comparación: turnos por Telegram de AYER (sin sesiones) ──
  promedio tokens_in por turno TG (últimos días, sin sesión): 8  (n=10)
LISTO

# exit=0
