# ejecutado: 2026-08-22T08:56:01-03:00
# host: ubuntu-4gb-nbg1-2
# instancia: maria-paez
# script:
#   #!/bin/bash
#   echo "── ¿v3.9 publicada? ──"
#   curl -s https://intensa.io/_dl/mariabridge-latest.json; echo ""
#   cat > /tmp/ur.cjs <<'JS'
#   const c=require("/root/secretaria/mb-control.js");
#   // 1. abrir MariaBridge (coords del dump: MariaBridge 446,816) y 2. sacar foto
#   console.log("tap MariaBridge:", c.encolar("tap",{x:446,y:816}));
#   JS
#   node /tmp/ur.cjs; rm -f /tmp/ur.cjs
#   echo LISTO

# ───── output ─────
── ¿v3.9 publicada? ──
{"versionCode": 24, "versionName": "3.9", "url": "https://intensa.io/_dl/mb-0aed12c2f6026139.apk"}

[mb-control] #2 encolado: tap {"x":446,"y":816}
tap MariaBridge: 2
LISTO

# exit=0
