# ejecutado: 2026-08-15T21:56:02-03:00
# host: ubuntu-4gb-nbg1-2
# instancia: maria-paez
# script:
#   #!/bin/bash
#   pgrep -f mb-build-worker >/dev/null && echo "── CORRIENDO ──" || echo "── terminó ──"
#   tail -25 /root/mariabridge-build.log 2>/dev/null
#   echo LISTO

# ───── output ─────
── terminó ──
	at org.gradle.workers.internal.NoIsolationWorkerFactory$1.execute(NoIsolationWorkerFactory.java:59)
	at org.gradle.workers.internal.DefaultWorkerExecutor.lambda$submitWork$0(DefaultWorkerExecutor.java:174)
	at org.gradle.internal.work.DefaultConditionalExecutionQueue$ExecutionRunner.runExecution(DefaultConditionalExecutionQueue.java:187)
	at org.gradle.internal.work.DefaultConditionalExecutionQueue$ExecutionRunner.access$700(DefaultConditionalExecutionQueue.java:120)
	at org.gradle.internal.work.DefaultConditionalExecutionQueue$ExecutionRunner$1.run(DefaultConditionalExecutionQueue.java:162)
	at org.gradle.internal.Factories$1.create(Factories.java:31)
	at org.gradle.internal.work.DefaultWorkerLeaseService.withLocks(DefaultWorkerLeaseService.java:264)
	at org.gradle.internal.work.DefaultWorkerLeaseService.runAsWorkerThread(DefaultWorkerLeaseService.java:128)
	at org.gradle.internal.work.DefaultWorkerLeaseService.runAsWorkerThread(DefaultWorkerLeaseService.java:133)
	at org.gradle.internal.work.DefaultConditionalExecutionQueue$ExecutionRunner.runBatch(DefaultConditionalExecutionQueue.java:157)
	at org.gradle.internal.work.DefaultConditionalExecutionQueue$ExecutionRunner.run(DefaultConditionalExecutionQueue.java:126)
	... 2 more


BUILD FAILED in 1m 38s
23 actionable tasks: 23 executed
++ find /root/secretaria/ops/mariabridge/app/build/outputs/apk/debug -name '*.apk'
++ head -1
+ APK=
+ '[' -n '' ']'
+ echo APK_FAIL
APK_FAIL
++ date
+ echo '=== FIN Sat Aug 15 09:55:01 PM -03 2026 ==='
=== FIN Sat Aug 15 09:55:01 PM -03 2026 ===
LISTO

# exit=0
