# ejecutado: 2026-08-22T09:17:02-03:00
# host: ubuntu-4gb-nbg1-2
# instancia: maria-paez
# script:
#   #!/bin/bash
#   cat > /tmp/vc2.cjs <<'JS'
#   const db=require("/root/secretaria/node_modules/better-sqlite3")(process.env.MARIA_DB,{readonly:true});
#   db.prepare("SELECT id,cmd,estado,substr(resultado,1,320) r FROM mb_control WHERE id>=4 ORDER BY id").all()
#     .forEach(x=>console.log("#"+x.id,x.cmd,"["+x.estado+"] →",(x.r||"(sin resultado)").slice(0,300)));
#   db.close();
#   JS
#   node /tmp/vc2.cjs; rm -f /tmp/vc2.cjs
#   echo "── polls del teléfono (¿sigue vivo?) ──"
#   grep "pendiente.txt" /var/log/nginx/intensa.io.access.log | tail -2 | sed -E 's/.*\[([^]]+)\].*/\1/'
#   echo LISTO

# ───── output ─────
#4 home [ok] → home
#5 tap [enviado] → (sin resultado)
#6 nodos [ok] → [||423,839] [|--|464,839] [||360,1436] [|Messages notificat|195,1303] [|WhatsApp notificat|305,1303] [|Moto notification:|415,1303] [|Hello You notifica|525,1303] [|Games notification|635,1303] [|Security & privacy|697,1303] 
── polls del teléfono (¿sigue vivo?) ──
22/Aug/2026:09:16:55 -0300
22/Aug/2026:09:17:00 -0300
LISTO

# exit=0
