# ejecutado: 2026-08-16T23:27:02-03:00
# host: ubuntu-4gb-nbg1-2
# instancia: maria-paez
# script:
#   #!/bin/bash
#   node -e "
#   const db=require('/root/secretaria/node_modules/better-sqlite3')(process.env.MARIA_DB,{readonly:true});
#   console.log('── acciones/eventos últimos 8 min ──');
#   db.prepare(\"SELECT timestamp,canal,direccion,de,substr(cuerpo,1,90) c FROM eventos WHERE timestamp>=datetime('now','-8 minutes') AND (canal IN ('gmail','whatsapp','sistema')) ORDER BY id\").all().forEach(r=>console.log(r.timestamp.slice(11),r.canal,r.direccion,'|',String(r.c).replace(/\n/g,' ')));
#   console.log('── pendientes nuevos ──');
#   db.prepare(\"SELECT id,substr(\\\"desc\\\",1,80) d,estado FROM pendientes WHERE creado>=datetime('now','-8 minutes')\").all().forEach(r=>console.log('#'+r.id,r.estado,'|',r.d));
#   db.close();"
#   echo LISTO

# ───── output ─────
── acciones/eventos últimos 8 min ──
02:19:10 sistema interno | claude_call memoria-curada: 15575ms prompt=2132c raw=8857c in=2t(cache_read=0 new=16166) o
02:19:36 sistema interno | mbdiag: buscaba "Brunatti Carolina"/"5491141885339" vivos=[diego paez ~ gabriela echaniz ~
02:20:02 sistema interno | shutdown por SIGINT
02:20:04 sistema interno | MODO DEGRADADO: loops arrancados sin WA (caído hace 52554 min)
02:20:04 sistema interno | Maria arrancó — WA, Gmail, recordatorios, programados, brief y meeting-prep activos (16 us
02:20:04 sistema interno | WA APAGADO por marker — cero intentos de conexión; loops en modo degradado
02:20:07 gmail entrante | Hola Natali, podremos tener una meet mañana lunes a las 14?  copio a maria para q coordi
02:20:16 sistema interno | mbdiag: buscaba "Brunatti Carolina"/"5491141885339" vivos=[diego paez ~ gabriela echaniz ~
02:20:38 sistema interno | acción ejecutada: agregar_pendiente
02:20:41 sistema interno | claude_call gmail: 34119ms prompt=90771c raw=17491c in=6t(cache_read=59884 new=117696) out
02:20:53 sistema interno | claude_call memoria-curada: 18827ms prompt=5014c raw=11459c in=2t(cache_read=8775 new=8547
02:20:56 sistema interno | mbdiag: buscaba "Brunatti Carolina"/"5491141885339" vivos=[diego paez ~ gabriela echaniz ~
02:21:36 sistema interno | mbdiag: buscaba "Brunatti Carolina"/"5491141885339" vivos=[diego paez ~ gabriela echaniz ~
02:22:02 sistema interno | shutdown por SIGINT
02:22:04 sistema interno | MODO DEGRADADO: loops arrancados sin WA (caído hace 52556 min)
02:22:04 sistema interno | Maria arrancó — WA, Gmail, recordatorios, programados, brief y meeting-prep activos (16 us
02:22:04 sistema interno | WA APAGADO por marker — cero intentos de conexión; loops en modo degradado
02:22:06 sistema interno | acción FALLÓ: noop — Acción desconocida: "noop". Debe ser EXACTAMENTE uno de: crear_evento
02:22:16 sistema interno | mbdiag: buscaba "Brunatti Carolina"/"5491141885339" vivos=[diego paez ~ gabriela echaniz ~
02:22:56 sistema interno | mbdiag: buscaba "Brunatti Carolina"/"5491141885339" vivos=[diego paez ~ gabriela echaniz ~
02:23:41 sistema interno | mbdiag: buscaba "Brunatti Carolina"/"5491141885339" vivos=[diego paez ~ gabriela echaniz ~
02:24:21 sistema interno | mbdiag: buscaba "Brunatti Carolina"/"5491141885339" vivos=[diego paez ~ gabriela echaniz ~
02:25:01 sistema interno | mbdiag: buscaba "Brunatti Carolina"/"5491141885339" vivos=[diego paez ~ gabriela echaniz ~
02:25:41 sistema interno | mbdiag: buscaba "Brunatti Carolina"/"5491141885339" vivos=[diego paez ~ gabriela echaniz ~
02:26:21 sistema interno | mbdiag: buscaba "Brunatti Carolina"/"5491141885339" vivos=[diego paez ~ gabriela echaniz ~
02:27:01 sistema interno | mbdiag: buscaba "Brunatti Carolina"/"5491141885339" vivos=[diego paez ~ gabriela echaniz ~
── pendientes nuevos ──
#261 abierto | Esperando que Natali Funez confirme la meet del lunes 17/08 14hs con Diego (Dieg
LISTO

# exit=0
