# ejecutado: 2026-08-22T09:43:01-03:00
# host: ubuntu-4gb-nbg1-2
# instancia: maria-paez
# script:
#   #!/bin/bash
#   cat > /tmp/vtf.cjs <<'JS'
#   const db=require("/root/secretaria/node_modules/better-sqlite3")(process.env.MARIA_DB,{readonly:true});
#   db.prepare("SELECT id,cmd,estado,substr(resultado,1,320) r FROM mb_control WHERE id>=7 ORDER BY id").all()
#     .forEach(x=>console.log("#"+x.id,x.cmd,"["+x.estado+"] →",(x.r||"(sin resultado)").slice(0,300)));
#   db.close();
#   JS
#   node /tmp/vtf.cjs; rm -f /tmp/vtf.cjs
#   echo "── logs ctl ──"; grep "\[ctl\]" ~/.pm2/logs/maria-paez-out.log | tail -6
#   echo LISTO

# ───── output ─────
#7 ping [ok] → pong v4.1
#8 home [ok] → home
#9 tap [ok] → tap 446,816 ✓
#10 nodos [pendiente] → (sin resultado)
── logs ctl ──
2026-08-22 09:38:14: [MB v4.1] 09:38:14 I [ctl] comando #7: ping {}
2026-08-22 09:38:14: [MB v4.1] 09:38:14 I [ctl] #7 → OK pong v4.1
2026-08-22 09:40:23: [MB v4.1] 09:39:02 I [ctl] comando #8: home {}
2026-08-22 09:40:23: [MB v4.1] 09:39:02 I [ctl] #8 → OK home
2026-08-22 09:40:23: [MB v4.1] 09:40:09 I [ctl] comando #9: tap {"x":446,"y":816}
2026-08-22 09:40:23: [MB v4.1] 09:40:09 I [ctl] #9 → OK tap 446,816 ✓
LISTO

# exit=0
