# ejecutado: 2026-08-16T00:20:02-03:00
# host: ubuntu-4gb-nbg1-2
# instancia: maria-paez
# script:
#   #!/bin/bash
#   echo "── pendiente #39 (debería estar 'entregado' si matcheó) ──"
#   node -e "const db=require('/root/secretaria/node_modules/better-sqlite3')(process.env.MARIA_DB,{readonly:true}); const r=db.prepare('SELECT id,estado,intentos FROM wa_outbox WHERE id=39').get(); console.log('#39', r?r.estado:'?', 'int:'+(r?r.intentos:'?')); db.close();"
#   echo "── últimos mbdiag (¿chats_vivos ya tiene algo?) ──"
#   grep "MB-DIAG" ~/.pm2/logs/maria-paez-out.log | tail -3
#   echo "── confirmaciones nuevas de MariaBridge ──"
#   grep -E "wa-maria.*confirmar" /var/log/nginx/intensa.io.access.log | tail -3 | sed -E 's/.*\[([^]]+)\].*confirmar\/([0-9]+).*/\1 confirmó #\2/'
#   echo LISTO

# ───── output ─────
── pendiente #39 (debería estar 'entregado' si matcheó) ──
#39 entregado int:183
── últimos mbdiag (¿chats_vivos ya tiene algo?) ──
2026-08-16 00:18:44: [MB-DIAG] buscaba nombre="Diego" numero="5491132317896" pendiente=39 | chats_vivos=[]
2026-08-16 00:18:44: [MB-DIAG] buscaba nombre="Diego" numero="5491132317896" pendiente=39 | chats_vivos=[]
2026-08-16 00:18:47: [MB-DIAG] buscaba nombre="Diego" numero="5491132317896" pendiente=39 | chats_vivos=[]
── confirmaciones nuevas de MariaBridge ──
16/Aug/2026:00:18:49 -0300 confirmó #39
16/Aug/2026:00:18:49 -0300 confirmó #39
LISTO

# exit=0
