# ejecutado: 2026-08-16T19:19:02-03:00
# host: ubuntu-4gb-nbg1-2
# instancia: maria-paez
# script:
#   #!/bin/bash
#   echo "── nginx: ruteo de /hooks ──"
#   grep -rn "hooks" /etc/nginx/sites-enabled/*.conf 2>/dev/null | head -8
#   echo "── bloque completo del hook ──"
#   awk '/location.*hooks/,/}/' /etc/nginx/sites-enabled/intensa.io.conf 2>/dev/null | head -15
#   echo "── instancias en la control DB ──"
#   node -e "
#   const db=require('/root/secretaria/node_modules/better-sqlite3')('/root/secretaria/state/_control/intensa.sqlite',{readonly:true});
#   db.prepare('SELECT slug, internal_port, max_usuarios, signup_bot, estado FROM instances').all().forEach(r=>console.log(JSON.stringify(r)));
#   db.close();" 2>&1 | head -5
#   echo "── puertos internal-api en uso ──"
#   grep -h "ASISTENTE_INTERNAL_PORT" /root/secretaria/config/instances/*.conf 2>/dev/null
#   echo LISTO

# ───── output ─────
── nginx: ruteo de /hooks ──
/etc/nginx/sites-enabled/intensa.io.conf:51:    location /hooks/wa-maria/ {
── bloque completo del hook ──
    location /hooks/wa-maria/ {
        proxy_pass http://127.0.0.1:4501/wa-hook/;
        proxy_read_timeout 90s;
        proxy_http_version 1.1;
    }
── instancias en la control DB ──
/root/secretaria/node_modules/better-sqlite3/lib/database.js:65
		throw new TypeError('Cannot open database because the directory does not exist');
		^

TypeError: Cannot open database because the directory does not exist
── puertos internal-api en uso ──
ASISTENTE_INTERNAL_PORT=4501
LISTO

# exit=0
