# ejecutado: 2026-08-15T22:40:02-03:00
# host: ubuntu-4gb-nbg1-2
# instancia: maria-paez
# script:
#   #!/bin/bash
#   echo "── hits a wa-maria (todas las líneas de hoy) ──"
#   grep "wa-maria" /var/log/nginx/access.log 2>/dev/null | tail -10 | sed -E 's/^([0-9.]+) .*\[([^]]+)\] "([A-Z]+) ([^"]{0,55})[^"]*" ([0-9]+).*/\2 | \1 | \3 → \5/'
#   echo "── total pendiente.txt en todo el log ──"
#   grep -c "pendiente.txt" /var/log/nginx/access.log 2>/dev/null
#   echo "── ¿hay OTRO access log? (a veces intensa.io tiene el suyo) ──"
#   ls -la /var/log/nginx/*.log 2>/dev/null | head
#   grep -rl "wa-maria" /var/log/nginx/ 2>/dev/null | head
#   echo LISTO

# ───── output ─────
── hits a wa-maria (todas las líneas de hoy) ──
── total pendiente.txt en todo el log ──
0
── ¿hay OTRO access log? (a veces intensa.io tiene el suyo) ──
-rw-r----- 1 www-data adm  254628 Aug 15 22:32 /var/log/nginx/access.log
-rw-r----- 1 www-data adm       0 Jul 23 00:00 /var/log/nginx/error.log
-rw-r----- 1 www-data adm  147193 Aug 15 22:39 /var/log/nginx/estacionamientosma.access.log
-rw-r----- 1 www-data adm       0 Aug 14 00:00 /var/log/nginx/estacionamientosma.error.log
-rw-r----- 1 www-data adm  571050 Aug 15 22:40 /var/log/nginx/intensa.io.access.log
-rw-r----- 1 www-data adm       0 Aug  6 00:00 /var/log/nginx/intensa.io.error.log
-rw-r----- 1 www-data adm  185044 Aug 15 22:23 /var/log/nginx/pmovil.access.log
-rw-r--r-- 1 www-data root      0 Jun  1 14:36 /var/log/nginx/pmovil.error.log
-rw-r----- 1 www-data adm   24654 Aug 15 22:32 /var/log/nginx/veritas-trace.access.log
-rw-r----- 1 www-data adm       0 May 17 00:00 /var/log/nginx/veritas-trace.error.log
/var/log/nginx/intensa.io.access.log
/var/log/nginx/intensa.io.error.log.1
/var/log/nginx/intensa.io.access.log.1
LISTO

# exit=0
