# ejecutado: 2026-08-16T19:47:01-03:00
# host: ubuntu-4gb-nbg1-2
# instancia: maria-paez
# script:
#   #!/bin/bash
#   node -e "
#   const db=require('/root/secretaria/node_modules/better-sqlite3')(process.env.MARIA_DB,{readonly:true});
#   const rows=db.prepare(\"SELECT id,cuando,substr(destino,1,20) d,substr(texto,1,40) t FROM programados WHERE estado='pendiente' AND texto LIKE '%Telegram%' ORDER BY cuando LIMIT 20\").all();
#   rows.forEach(r=>console.log('#'+r.id,r.cuando,r.d,'|',r.t));
#   console.log('total programados campaña:',rows.length);
#   db.close();"
#   echo LISTO

# ───── output ─────
/root/secretaria/node_modules/better-sqlite3/lib/methods/wrappers.js:5
	return this[cppdb].prepare(sql, this, false);
	                   ^

SqliteError: no such column: estado
    at Database.prepare (/root/secretaria/node_modules/better-sqlite3/lib/methods/wrappers.js:5:21)
    at [eval]:3:15
    at runScriptInThisContext (node:internal/vm:209:10)
    at node:internal/process/execution:446:12
    at [eval]-wrapper:6:24
    at runScriptInContext (node:internal/process/execution:444:60)
    at evalFunction (node:internal/process/execution:279:30)
    at evalTypeScript (node:internal/process/execution:291:3)
    at node:internal/main/eval_string:74:3 {
  code: 'SQLITE_ERROR'
}

Node.js v22.23.1
LISTO

# exit=0
