# ejecutado: 2026-08-22T19:45:02-03:00
# host: ubuntu-4gb-nbg1-2
# instancia: maria-paez
# script:
#   #!/bin/bash
#   cd /root/secretaria
#   echo "── canary ──"; git log --oneline -1 | cut -c1-60
#   cat state/.canary-bad-commit 2>/dev/null && echo "⚠️ MALO" || echo "limpio ✓"
#   echo "── ¿Nati resuelve a usuaria? ──"
#   timeout 20 node -e "
#   const us=require('/root/secretaria/usuarios');
#   const u=us.resolverPorWa('5491150105262');
#   console.log('  →', u? u.nombre+' activo='+u.activo+' tg='+(u.telegram_chat_id?'sí':'no')+' mail='+(u.email||'-') : 'NO es usuario');"
#   echo "── simulacro: enviar_wa a Nati (debe rutear, NO encolar WA) ──"
#   timeout 60 node -e "
#   const {ejecutarAcciones}=require('/root/secretaria/executor');
#   const u=require('/root/secretaria/usuarios').obtenerOwner();
#   ejecutarAcciones([{tipo:'enviar_wa',a:'5491150105262',texto:'Prueba interna de ruteo, ignorá este mensaje por favor.'}],{usuario:u,waClient:null,canalOrigen:'telegram'})
#    .then(r=>console.log('  resultado:', JSON.stringify(r[0]).slice(0,400)))
#    .catch(e=>console.log('  err:', e.message));"
#   echo "── logs ──"; timeout 15 grep -E "enviar_wa/usuario|politica_v5|wa-outbox.*encolado" /root/.pm2/logs/maria-paez-out.log | tail -5
#   echo LISTO

# ───── output ─────
── canary ──
29bec916711 inbox: verificar politica v5
limpio ✓
── ¿Nati resuelve a usuaria? ──
  → Natali Funez activo=1 tg=no mail=nfunez@iplan.com.ar
── simulacro: enviar_wa a Nati (debe rutear, NO encolar WA) ──
[wa-send] enviar_wa/usuario:Natali Funez: entregado por EMAIL (politica_v4_usuarios_sin_wa) a Natali Funez
  resultado: {"ok":true,"accion":{"tipo":"enviar_wa","a":"5491150105262","texto":"Prueba interna de ruteo, ignorá este mensaje por favor."},"resultado":{"a":"5491150105262","enviado":true,"via":"email","usuario_destino":"Natali Funez","gestion_auto":null,"nota":"Natali Funez es usuario de Maria, así que por política NO se le escribe por WhatsApp: el mensaje salió por EMAIL. Contáselo así al usuario que te lo p
── logs ──
2026-08-22 12:04:47: [wa-outbox] #236 encolado → +5491163846461 (placeholder…)
2026-08-22 12:05:01: [wa-outbox] #237 encolado → +5491163846461 (Hola, disculpen el mensaje anterior, fue…)
2026-08-22 19:23:51: [wa-outbox] #238 encolado → +5491150105262 (Hola Nati! Soy Maria, la secretaria de D…)
2026-08-22 19:41:24: [wa-outbox] #239 encolado → +5491134897992 (Hola! Soy Maria, la secretaria de Diego …)
2026-08-22 19:41:31: [wa-send] enviar_wa/usuario:Gabriela Echaniz: entregado por EMAIL (politica_v4_usuarios_sin_wa) a Gabriela Echaniz
LISTO

# exit=0
