# ejecutado: 2026-08-28T16:58:02-03:00
# host: ubuntu-4gb-nbg1-2
# instancia: maria-paez
# script:
#   #!/bin/bash
#   cd /root/secretaria
#   cat state/.canary-bad-commit 2>/dev/null && echo "CANARY MALO" || echo "canary limpio"
#   timeout 20 pm2 jlist 2>/dev/null | python3 -c "
#   import json,sys,time
#   for p in json.load(sys.stdin):
#       if p['name']!='maria-paez': continue
#       print('pm2',p['pm2_env']['status'],'up=%dmin'%((time.time()*1000-p['pm2_env']['pm_uptime'])/60000))"
#   grep -c "OUTREACH DE COORDINACI" prompt-builder.js
#   grep -c "sigue ARMADO" executor.js
#   grep -c "v5.2" prompt-builder.js
#   echo LISTO

# ───── output ─────
canary limpio
pm2 online up=454min
1
1
2
LISTO

# exit=0
