# ejecutado: 2026-08-14T11:15:01-03:00
# host: ubuntu-4gb-nbg1-2
# instancia: maria-paez
# script:
#   #!/bin/bash
#   DB="${MARIA_DB:?}"
#   echo "== cola =="
#   sqlite3 "$DB" "SELECT id, estado, intentos, COALESCE(tomado_en,'-'), COALESCE(entregado,'-') FROM wa_outbox ORDER BY id DESC LIMIT 3;"
#   echo "== evento saliente registrado =="
#   sqlite3 "$DB" "SELECT timestamp, de, substr(cuerpo,1,40) FROM eventos WHERE metadata_json LIKE '%tasker_outbox%' ORDER BY id DESC LIMIT 3;"
#   echo "== requests confirmar (nginx) =="
#   grep -h "confirmar" /var/log/nginx/access.log 2>/dev/null | tail -3 | awk '{print $4, $7, "->", $9}' | sed 's|/hooks/wa-maria/[A-Za-z0-9]*|...|'

# ───── output ─────
== cola ==
7|pendiente|1|2026-08-14 14:13:50|-
6|vencido|1|2026-08-14 14:05:52|-
5|vencido|1|2026-08-14 13:55:08|-
== evento saliente registrado ==
== requests confirmar (nginx) ==

# exit=0
