# ejecutado: 2026-08-14T13:10:02-03:00
# host: ubuntu-4gb-nbg1-2
# instancia: maria-paez
# script:
#   #!/bin/bash
#   DB="${MARIA_DB:?}"
#   echo "== cola =="
#   sqlite3 "$DB" "SELECT id, estado, intentos, COALESCE(tomado_en,'-'), COALESCE(entregado,'-') FROM wa_outbox ORDER BY id DESC LIMIT 3;"
#   echo "== ultimos requests del telefono (hora -03) =="
#   tail -400 /var/log/nginx/intensa.io.access.log 2>/dev/null | grep "wa-maria" | tail -8 | awk '{print $4, $7, "->", $9}' | sed 's|/hooks/wa-maria/[A-Za-z0-9]*|...|'

# ───── output ─────
== cola ==
11|pendiente|0|-|-
10|entregado|1|2026-08-14 16:00:58|2026-08-14 16:01:03
9|entregado|3|2026-08-14 15:05:09|2026-08-14 15:12:40
== ultimos requests del telefono (hora -03) ==
[14/Aug/2026:12:05:09 .../pendiente.txt -> 200
[14/Aug/2026:12:12:40 .../confirmar-ultimo -> 200
[14/Aug/2026:12:16:57 ...$SEC/confirmar/7 -> 401
[14/Aug/2026:12:17:30 ...$SEC/confirmar/7 -> 401
[14/Aug/2026:12:17:32 ...$SEC/confirmar/7 -> 401
[14/Aug/2026:12:49:55 .../confirmar-ultimo -> 200
[14/Aug/2026:13:00:58 .../pendiente.txt -> 200
[14/Aug/2026:13:01:03 .../confirmar-ultimo -> 200

# exit=0
