# ejecutado: 2026-08-14T12:10:01-03:00
# host: ubuntu-4gb-nbg1-2
# instancia: maria-paez
# script:
#   #!/bin/bash
#   DB="${MARIA_DB:?}"
#   sqlite3 "$DB" "SELECT id, estado, intentos, COALESCE(entregado,'-') FROM wa_outbox ORDER BY id DESC LIMIT 3;"
#   echo "---requests---"
#   tail -300 /var/log/nginx/intensa.io.access.log 2>/dev/null | grep "wa-maria" | tail -8 | awk '{print $4, $6, $7, "->", $9}' | sed 's|/hooks/wa-maria/[A-Za-z0-9]*|...|'

# ───── output ─────
9|pendiente|3|-
8|vencido|2|-
7|entregado|1|2026-08-14 14:16:30
---requests---
[14/Aug/2026:11:35:44 "GET .../pendiente.txt -> 200
[14/Aug/2026:11:35:48 "GET .../confirmar/ -> 401
[14/Aug/2026:12:00:24 "GET .../pendiente.txt -> 200
[14/Aug/2026:12:04:00 "GET .../confirmar -> 200
[14/Aug/2026:12:04:38 "GET .../pendiente.txt -> 200
[14/Aug/2026:12:04:58 "GET .../confirmar -> 200
[14/Aug/2026:12:05:00 "GET .../confirmar -> 200
[14/Aug/2026:12:05:09 "GET .../pendiente.txt -> 200

# exit=0
