# ejecutado: 2026-08-22T09:40:02-03:00
# host: ubuntu-4gb-nbg1-2
# instancia: maria-paez
# script:
#   #!/bin/bash
#   echo "── ¿el teléfono está polleando? (últimos 3 hits) ──"
#   grep "pendiente.txt" /var/log/nginx/intensa.io.access.log | tail -3 | sed -E 's/.*\[([^]]+)\].*/  \1/'
#   echo "hora VPS: $(date '+%d/%b/%Y:%H:%M:%S')"
#   echo "── ¿hay logs de v4.1? ──"
#   grep "\[MB v4" ~/.pm2/logs/maria-paez-out.log | tail -5 || echo "  (ninguno)"
#   echo "── último log MB de cualquier versión ──"
#   grep "\[MB " ~/.pm2/logs/maria-paez-out.log | tail -3
#   echo LISTO

# ───── output ─────
── ¿el teléfono está polleando? (últimos 3 hits) ──
  22/Aug/2026:09:35:39 -0300
  22/Aug/2026:09:38:12 -0300
  22/Aug/2026:09:39:01 -0300
hora VPS: 22/Aug/2026:09:40:02
── ¿hay logs de v4.1? ──
2026-08-22 09:34:56: [MB v4.1] 09:34:47 I [frio] accesibilidad conectada
2026-08-22 09:34:56: [MB v4.1] 09:34:55 I [svc] OutboxService arrancó (loop nuevo)
2026-08-22 09:35:26: [MB v4.1] 09:35:27 I [upd] al día (v4.1 code=26, mío=26)
2026-08-22 09:38:14: [MB v4.1] 09:38:14 I [ctl] comando #7: ping {}
2026-08-22 09:38:14: [MB v4.1] 09:38:14 I [ctl] #7 → OK pong v4.1
── último log MB de cualquier versión ──
2026-08-22 09:35:26: [MB v4.1] 09:35:27 I [upd] al día (v4.1 code=26, mío=26)
2026-08-22 09:38:14: [MB v4.1] 09:38:14 I [ctl] comando #7: ping {}
2026-08-22 09:38:14: [MB v4.1] 09:38:14 I [ctl] #7 → OK pong v4.1
LISTO

# exit=0
